Archive member included to satisfy reference by file (symbol)

/usr/local/gcc_arm/gcc-arm-none-eabi-10-2020-q4-major/bin/../lib/gcc/arm-none-eabi/10.2.1/../../../../arm-none-eabi/lib/thumb/v6-m/nofp/libc_nano.a(lib_a-errno.o)
                              Core/Src/syscalls.o (__errno)
/usr/local/gcc_arm/gcc-arm-none-eabi-10-2020-q4-major/bin/../lib/gcc/arm-none-eabi/10.2.1/../../../../arm-none-eabi/lib/thumb/v6-m/nofp/libc_nano.a(lib_a-exit.o)
                              /usr/local/gcc_arm/gcc-arm-none-eabi-10-2020-q4-major/bin/../lib/gcc/arm-none-eabi/10.2.1/../../../../arm-none-eabi/lib/thumb/v6-m/nofp/crt0.o (exit)
/usr/local/gcc_arm/gcc-arm-none-eabi-10-2020-q4-major/bin/../lib/gcc/arm-none-eabi/10.2.1/../../../../arm-none-eabi/lib/thumb/v6-m/nofp/libc_nano.a(lib_a-impure.o)
                              /usr/local/gcc_arm/gcc-arm-none-eabi-10-2020-q4-major/bin/../lib/gcc/arm-none-eabi/10.2.1/../../../../arm-none-eabi/lib/thumb/v6-m/nofp/libc_nano.a(lib_a-exit.o) (_global_impure_ptr)
/usr/local/gcc_arm/gcc-arm-none-eabi-10-2020-q4-major/bin/../lib/gcc/arm-none-eabi/10.2.1/../../../../arm-none-eabi/lib/thumb/v6-m/nofp/libc_nano.a(lib_a-init.o)
                              /usr/local/gcc_arm/gcc-arm-none-eabi-10-2020-q4-major/bin/../lib/gcc/arm-none-eabi/10.2.1/../../../../arm-none-eabi/lib/thumb/v6-m/nofp/crt0.o (__libc_init_array)
/usr/local/gcc_arm/gcc-arm-none-eabi-10-2020-q4-major/bin/../lib/gcc/arm-none-eabi/10.2.1/../../../../arm-none-eabi/lib/thumb/v6-m/nofp/libc_nano.a(lib_a-memcpy-stub.o)
                              Core/Src/RS485.o (memcpy)
/usr/local/gcc_arm/gcc-arm-none-eabi-10-2020-q4-major/bin/../lib/gcc/arm-none-eabi/10.2.1/../../../../arm-none-eabi/lib/thumb/v6-m/nofp/libc_nano.a(lib_a-memset.o)
                              /usr/local/gcc_arm/gcc-arm-none-eabi-10-2020-q4-major/bin/../lib/gcc/arm-none-eabi/10.2.1/../../../../arm-none-eabi/lib/thumb/v6-m/nofp/crt0.o (memset)
/usr/local/gcc_arm/gcc-arm-none-eabi-10-2020-q4-major/bin/../lib/gcc/arm-none-eabi/10.2.1/../../../../arm-none-eabi/lib/thumb/v6-m/nofp/libc_nano.a(lib_a-sprintf.o)
                              Core/Src/hall_sensor_calculations.o (sprintf)
/usr/local/gcc_arm/gcc-arm-none-eabi-10-2020-q4-major/bin/../lib/gcc/arm-none-eabi/10.2.1/../../../../arm-none-eabi/lib/thumb/v6-m/nofp/libc_nano.a(lib_a-strcpy.o)
                              Core/Src/debug_uart.o (strcpy)
/usr/local/gcc_arm/gcc-arm-none-eabi-10-2020-q4-major/bin/../lib/gcc/arm-none-eabi/10.2.1/../../../../arm-none-eabi/lib/thumb/v6-m/nofp/libc_nano.a(lib_a-strlen.o)
                              Core/Src/debug_uart.o (strlen)
/usr/local/gcc_arm/gcc-arm-none-eabi-10-2020-q4-major/bin/../lib/gcc/arm-none-eabi/10.2.1/../../../../arm-none-eabi/lib/thumb/v6-m/nofp/libc_nano.a(lib_a-nano-svfprintf.o)
                              /usr/local/gcc_arm/gcc-arm-none-eabi-10-2020-q4-major/bin/../lib/gcc/arm-none-eabi/10.2.1/../../../../arm-none-eabi/lib/thumb/v6-m/nofp/libc_nano.a(lib_a-sprintf.o) (_svfprintf_r)
/usr/local/gcc_arm/gcc-arm-none-eabi-10-2020-q4-major/bin/../lib/gcc/arm-none-eabi/10.2.1/../../../../arm-none-eabi/lib/thumb/v6-m/nofp/libc_nano.a(lib_a-nano-vfprintf_i.o)
                              /usr/local/gcc_arm/gcc-arm-none-eabi-10-2020-q4-major/bin/../lib/gcc/arm-none-eabi/10.2.1/../../../../arm-none-eabi/lib/thumb/v6-m/nofp/libc_nano.a(lib_a-nano-svfprintf.o) (_printf_i)
/usr/local/gcc_arm/gcc-arm-none-eabi-10-2020-q4-major/bin/../lib/gcc/arm-none-eabi/10.2.1/../../../../arm-none-eabi/lib/thumb/v6-m/nofp/libc_nano.a(lib_a-memchr-stub.o)
                              /usr/local/gcc_arm/gcc-arm-none-eabi-10-2020-q4-major/bin/../lib/gcc/arm-none-eabi/10.2.1/../../../../arm-none-eabi/lib/thumb/v6-m/nofp/libc_nano.a(lib_a-nano-svfprintf.o) (memchr)
/usr/local/gcc_arm/gcc-arm-none-eabi-10-2020-q4-major/bin/../lib/gcc/arm-none-eabi/10.2.1/../../../../arm-none-eabi/lib/thumb/v6-m/nofp/libc_nano.a(lib_a-memmove.o)
                              /usr/local/gcc_arm/gcc-arm-none-eabi-10-2020-q4-major/bin/../lib/gcc/arm-none-eabi/10.2.1/../../../../arm-none-eabi/lib/thumb/v6-m/nofp/libc_nano.a(lib_a-nano-svfprintf.o) (memmove)
/usr/local/gcc_arm/gcc-arm-none-eabi-10-2020-q4-major/bin/../lib/gcc/arm-none-eabi/10.2.1/../../../../arm-none-eabi/lib/thumb/v6-m/nofp/libc_nano.a(lib_a-nano-freer.o)
                              /usr/local/gcc_arm/gcc-arm-none-eabi-10-2020-q4-major/bin/../lib/gcc/arm-none-eabi/10.2.1/../../../../arm-none-eabi/lib/thumb/v6-m/nofp/libc_nano.a(lib_a-nano-svfprintf.o) (_free_r)
/usr/local/gcc_arm/gcc-arm-none-eabi-10-2020-q4-major/bin/../lib/gcc/arm-none-eabi/10.2.1/../../../../arm-none-eabi/lib/thumb/v6-m/nofp/libc_nano.a(lib_a-nano-mallocr.o)
                              /usr/local/gcc_arm/gcc-arm-none-eabi-10-2020-q4-major/bin/../lib/gcc/arm-none-eabi/10.2.1/../../../../arm-none-eabi/lib/thumb/v6-m/nofp/libc_nano.a(lib_a-nano-svfprintf.o) (_malloc_r)
[...]
Memory Configuration

Name             Origin             Length             Attributes
RAM              0x0000000020000000 0x0000000000002000 xrw
FLASH            0x0000000008000000 0x0000000000010000 xr
*default*        0x0000000000000000 0xffffffffffffffff

Linker script and memory map

LOAD /usr/local/gcc_arm/gcc-arm-none-eabi-10-2020-q4-major/bin/../lib/gcc/arm-none-eabi/10.2.1/thumb/v6-m/nofp/crti.o
LOAD /usr/local/gcc_arm/gcc-arm-none-eabi-10-2020-q4-major/bin/../lib/gcc/arm-none-eabi/10.2.1/thumb/v6-m/nofp/crtbegin.o
LOAD /usr/local/gcc_arm/gcc-arm-none-eabi-10-2020-q4-major/bin/../lib/gcc/arm-none-eabi/10.2.1/../../../../arm-none-eabi/lib/thumb/v6-m/nofp/crt0.o
LOAD Core/Src/ADC.o
LOAD Core/Src/PWM.o
LOAD Core/Src/RS485.o
LOAD Core/Src/debug_uart.o
LOAD Core/Src/error_handling.o
LOAD Core/Src/hall_sensor_calculations.o
LOAD Core/Src/leds.o
LOAD Core/Src/main.o
LOAD Core/Src/microsecond_clock.o
LOAD Core/Src/mosfets.o
LOAD Core/Src/motor_control.o
LOAD Core/Src/syscalls.o
LOAD Core/Src/sysmem.o
LOAD Core/Src/system_stm32g0xx.o
LOAD Core/Startup/startup_stm32g030c8tx.o
LOAD Drivers/STM32G0xx_HAL_Driver/Src/stm32g0xx_hal.o
LOAD Drivers/STM32G0xx_HAL_Driver/Src/stm32g0xx_hal_cortex.o
LOAD Drivers/STM32G0xx_HAL_Driver/Src/stm32g0xx_hal_dma.o
LOAD Drivers/STM32G0xx_HAL_Driver/Src/stm32g0xx_hal_dma_ex.o
LOAD Drivers/STM32G0xx_HAL_Driver/Src/stm32g0xx_hal_exti.o
LOAD Drivers/STM32G0xx_HAL_Driver/Src/stm32g0xx_hal_flash.o
LOAD Drivers/STM32G0xx_HAL_Driver/Src/stm32g0xx_hal_flash_ex.o
LOAD Drivers/STM32G0xx_HAL_Driver/Src/stm32g0xx_hal_gpio.o
LOAD Drivers/STM32G0xx_HAL_Driver/Src/stm32g0xx_hal_pwr.o
LOAD Drivers/STM32G0xx_HAL_Driver/Src/stm32g0xx_hal_pwr_ex.o
LOAD Drivers/STM32G0xx_HAL_Driver/Src/stm32g0xx_hal_rcc.o
LOAD Drivers/STM32G0xx_HAL_Driver/Src/stm32g0xx_hal_rcc_ex.o
LOAD Drivers/STM32G0xx_HAL_Driver/Src/stm32g0xx_hal_tim.o
LOAD Drivers/STM32G0xx_HAL_Driver/Src/stm32g0xx_hal_tim_ex.o
LOAD Drivers/STM32G0xx_HAL_Driver/Src/stm32g0xx_ll_dma.o
LOAD Drivers/STM32G0xx_HAL_Driver/Src/stm32g0xx_ll_rcc.o
START GROUP
LOAD /usr/local/gcc_arm/gcc-arm-none-eabi-10-2020-q4-major/bin/../lib/gcc/arm-none-eabi/10.2.1/../../../../arm-none-eabi/lib/thumb/v6-m/nofp/libc_nano.a
LOAD /usr/local/gcc_arm/gcc-arm-none-eabi-10-2020-q4-major/bin/../lib/gcc/arm-none-eabi/10.2.1/../../../../arm-none-eabi/lib/thumb/v6-m/nofp/libm.a
END GROUP
START GROUP
LOAD /usr/local/gcc_arm/gcc-arm-none-eabi-10-2020-q4-major/bin/../lib/gcc/arm-none-eabi/10.2.1/thumb/v6-m/nofp/libgcc.a
LOAD /usr/local/gcc_arm/gcc-arm-none-eabi-10-2020-q4-major/bin/../lib/gcc/arm-none-eabi/10.2.1/../../../../arm-none-eabi/lib/thumb/v6-m/nofp/libc_nano.a
END GROUP
START GROUP
LOAD /usr/local/gcc_arm/gcc-arm-none-eabi-10-2020-q4-major/bin/../lib/gcc/arm-none-eabi/10.2.1/thumb/v6-m/nofp/libgcc.a
LOAD /usr/local/gcc_arm/gcc-arm-none-eabi-10-2020-q4-major/bin/../lib/gcc/arm-none-eabi/10.2.1/../../../../arm-none-eabi/lib/thumb/v6-m/nofp/libc_nano.a
LOAD /usr/local/gcc_arm/gcc-arm-none-eabi-10-2020-q4-major/bin/../lib/gcc/arm-none-eabi/10.2.1/../../../../arm-none-eabi/lib/thumb/v6-m/nofp/libnosys.a
END GROUP
START GROUP
LOAD /usr/local/gcc_arm/gcc-arm-none-eabi-10-2020-q4-major/bin/../lib/gcc/arm-none-eabi/10.2.1/thumb/v6-m/nofp/libgcc.a
LOAD /usr/local/gcc_arm/gcc-arm-none-eabi-10-2020-q4-major/bin/../lib/gcc/arm-none-eabi/10.2.1/../../../../arm-none-eabi/lib/thumb/v6-m/nofp/libc_nano.a
LOAD /usr/local/gcc_arm/gcc-arm-none-eabi-10-2020-q4-major/bin/../lib/gcc/arm-none-eabi/10.2.1/../../../../arm-none-eabi/lib/thumb/v6-m/nofp/libnosys.a
END GROUP
LOAD /usr/local/gcc_arm/gcc-arm-none-eabi-10-2020-q4-major/bin/../lib/gcc/arm-none-eabi/10.2.1/thumb/v6-m/nofp/crtend.o
LOAD /usr/local/gcc_arm/gcc-arm-none-eabi-10-2020-q4-major/bin/../lib/gcc/arm-none-eabi/10.2.1/thumb/v6-m/nofp/crtn.o
                0x0000000020002000                _estack = (ORIGIN (RAM) + LENGTH (RAM))
                0x0000000000000200                _Min_Heap_Size = 0x200
                0x0000000000000400                _Min_Stack_Size = 0x400

.isr_vector     0x0000000008000000       0xb8
                0x0000000008000000                . = ALIGN (0x4)
 *(.isr_vector)
 .isr_vector    0x0000000008000000       0xb8 Core/Startup/startup_stm32g030c8tx.o
                0x0000000008000000                g_pfnVectors
                0x00000000080000b8                . = ALIGN (0x4)

.text           0x00000000080000b8     0x28d8
                0x00000000080000b8                . = ALIGN (0x4)
 *(.text)
 .text          0x00000000080000b8       0x48 /usr/local/gcc_arm/gcc-arm-none-eabi-10-2020-q4-major/bin/../lib/gcc/arm-none-eabi/10.2.1/thumb/v6-m/nofp/crtbegin.o
 .text          0x0000000008000100        0xe /usr/local/gcc_arm/gcc-arm-none-eabi-10-2020-q4-major/bin/../lib/gcc/arm-none-eabi/10.2.1/../../../../arm-none-eabi/lib/thumb/v6-m/nofp/libc_nano.a(lib_a-strlen.o)
                0x0000000008000100                strlen
 *fill*         0x000000000800010e        0x2 
 .text          0x0000000008000110       0x14 /usr/local/gcc_arm/gcc-arm-none-eabi-10-2020-q4-major/bin/../lib/gcc/arm-none-eabi/10.2.1/thumb/v6-m/nofp/libgcc.a(_thumb1_case_sqi.o)
                0x0000000008000110                __gnu_thumb1_case_sqi
 .text          0x0000000008000124       0x14 /usr/local/gcc_arm/gcc-arm-none-eabi-10-2020-q4-major/bin/../lib/gcc/arm-none-eabi/10.2.1/thumb/v6-m/nofp/libgcc.a(_thumb1_case_uqi.o)
                0x0000000008000124                __gnu_thumb1_case_uqi
 .text          0x0000000008000138       0x14 /usr/local/gcc_arm/gcc-arm-none-eabi-10-2020-q4-major/bin/../lib/gcc/arm-none-eabi/10.2.1/thumb/v6-m/nofp/libgcc.a(_thumb1_case_shi.o)
                0x0000000008000138                __gnu_thumb1_case_shi
 .text          0x000000000800014c      0x114 /usr/local/gcc_arm/gcc-arm-none-eabi-10-2020-q4-major/bin/../lib/gcc/arm-none-eabi/10.2.1/thumb/v6-m/nofp/libgcc.a(_udivsi3.o)
                0x000000000800014c                __udivsi3
                0x000000000800014c                __aeabi_uidiv
                0x0000000008000258                __aeabi_uidivmod
 .text          0x0000000008000260      0x1d4 /usr/local/gcc_arm/gcc-arm-none-eabi-10-2020-q4-major/bin/../lib/gcc/arm-none-eabi/10.2.1/thumb/v6-m/nofp/libgcc.a(_divsi3.o)
                0x0000000008000260                __aeabi_idiv
                0x0000000008000260                __divsi3
                0x000000000800042c                __aeabi_idivmod
 .text          0x0000000008000434        0x4 /usr/local/gcc_arm/gcc-arm-none-eabi-10-2020-q4-major/bin/../lib/gcc/arm-none-eabi/10.2.1/thumb/v6-m/nofp/libgcc.a(_dvmd_tls.o)
                0x0000000008000434                __aeabi_ldiv0
                0x0000000008000434                __aeabi_idiv0
 .text          0x0000000008000438       0x48 /usr/local/gcc_arm/gcc-arm-none-eabi-10-2020-q4-major/bin/../lib/gcc/arm-none-eabi/10.2.1/thumb/v6-m/nofp/libgcc.a(_aeabi_ldivmod.o)
                0x0000000008000438                __aeabi_ldivmod
 .text          0x0000000008000480       0x5c /usr/local/gcc_arm/gcc-arm-none-eabi-10-2020-q4-major/bin/../lib/gcc/arm-none-eabi/10.2.1/thumb/v6-m/nofp/libgcc.a(_muldi3.o)
                0x0000000008000480                __aeabi_lmul
                0x0000000008000480                __muldi3
 .text          0x00000000080004dc       0x3c /usr/local/gcc_arm/gcc-arm-none-eabi-10-2020-q4-major/bin/../lib/gcc/arm-none-eabi/10.2.1/thumb/v6-m/nofp/libgcc.a(bpabi.o)
                0x00000000080004dc                __gnu_ldivmod_helper
 .text          0x0000000008000518      0x1cc /usr/local/gcc_arm/gcc-arm-none-eabi-10-2020-q4-major/bin/../lib/gcc/arm-none-eabi/10.2.1/thumb/v6-m/nofp/libgcc.a(_divdi3.o)
                0x0000000008000518                __divdi3
 .text          0x00000000080006e4       0x18 /usr/local/gcc_arm/gcc-arm-none-eabi-10-2020-q4-major/bin/../lib/gcc/arm-none-eabi/10.2.1/thumb/v6-m/nofp/libgcc.a(_clzdi2.o)
                0x00000000080006e4                __clzdi2
 .text          0x00000000080006fc       0x3c /usr/local/gcc_arm/gcc-arm-none-eabi-10-2020-q4-major/bin/../lib/gcc/arm-none-eabi/10.2.1/thumb/v6-m/nofp/libgcc.a(_clzsi2.o)
                0x00000000080006fc                __clzsi2
 *(.text*)
 .text.adc_init
                0x0000000008000738      0x110 Core/Src/ADC.o
                0x0000000008000738                adc_init
 .text.check_if_ADC_watchdog2_exceeded
                0x0000000008000848       0x24 Core/Src/ADC.o
                0x0000000008000848                check_if_ADC_watchdog2_exceeded
 .text.pwm_init
                0x000000000800086c       0x84 Core/Src/PWM.o
                0x000000000800086c                pwm_init
 .text.rs485_init
                0x00000000080008f0       0x48 Core/Src/RS485.o
                0x00000000080008f0                rs485_init
 .text.USART2_IRQHandler
                0x0000000008000938      0x100 Core/Src/RS485.o
                0x0000000008000938                USART2_IRQHandler
 .text.rs485_transmit
                0x0000000008000a38       0x7c Core/Src/RS485.o
                0x0000000008000a38                rs485_transmit
 .text.debug_uart_init
                0x0000000008000ab4       0x3c Core/Src/debug_uart.o
                0x0000000008000ab4                debug_uart_init
 .text.USART1_IRQHandler
                0x0000000008000af0       0x8c Core/Src/debug_uart.o
                0x0000000008000af0                USART1_IRQHandler
 .text.transmit
                0x0000000008000b7c       0x7c Core/Src/debug_uart.o
                0x0000000008000b7c                transmit
 .text.convert_uint16_to_byte_array
                0x0000000008000bf8       0x68 Core/Src/debug_uart.o
                0x0000000008000bf8                convert_uint16_to_byte_array
 .text.print_number
                0x0000000008000c60       0x38 Core/Src/debug_uart.o
                0x0000000008000c60                print_number
 .text.get_command_uart1
                0x0000000008000c98       0x14 Core/Src/debug_uart.o
                0x0000000008000c98                get_command_uart1
 .text.adjust_hall_sensor_readings
                0x0000000008000cac       0x58 Core/Src/hall_sensor_calculations.o
                0x0000000008000cac                adjust_hall_sensor_readings
 .text.get_hall_position
                0x0000000008000d04      0x118 Core/Src/hall_sensor_calculations.o
                0x0000000008000d04                get_hall_position
 .text.zero_hall_position
                0x0000000008000e1c       0x28 Core/Src/hall_sensor_calculations.o
                0x0000000008000e1c                zero_hall_position
 .text.print_hall_position
                0x0000000008000e44       0x30 Core/Src/hall_sensor_calculations.o
                0x0000000008000e44                print_hall_position
 .text.red_LED_on
                0x0000000008000e74       0x10 Core/Src/leds.o
                0x0000000008000e74                red_LED_on
 .text.red_LED_off
                0x0000000008000e84       0x10 Core/Src/leds.o
                0x0000000008000e84                red_LED_off
 .text.green_LED_toggle
                0x0000000008000e94       0x18 Core/Src/leds.o
                0x0000000008000e94                green_LED_toggle
 .text.SysTick_Handler
                0x0000000008000eac       0x18 Core/Src/main.o
                0x0000000008000eac                SysTick_Handler
 .text.clock_init
                0x0000000008000ec4       0x4c Core/Src/main.o
                0x0000000008000ec4                clock_init
 .text.systick_init
                0x0000000008000f10       0x2c Core/Src/main.o
                0x0000000008000f10                systick_init
 .text.portA_init
                0x0000000008000f3c       0x20 Core/Src/main.o
                0x0000000008000f3c                portA_init
 .text.portB_init
                0x0000000008000f5c       0x20 Core/Src/main.o
                0x0000000008000f5c                portB_init
 .text.portC_init
                0x0000000008000f7c       0x1c Core/Src/main.o
                0x0000000008000f7c                portC_init
 .text.portD_init
                0x0000000008000f98       0x18 Core/Src/main.o
                0x0000000008000f98                portD_init
 .text.process_debug_uart_commands
                0x0000000008000fb0       0xd8 Core/Src/main.o
                0x0000000008000fb0                process_debug_uart_commands
 .text.button_logic
                0x0000000008001088       0x7c Core/Src/main.o
                0x0000000008001088                button_logic
 .text.startup.main
                0x0000000008001104       0x84 Core/Src/main.o
                0x0000000008001104                main
 .text.microsecond_clock_init
                0x0000000008001188       0x38 Core/Src/microsecond_clock.o
                0x0000000008001188                microsecond_clock_init
 .text.TIM3_IRQHandler
                0x00000000080011c0       0x18 Core/Src/microsecond_clock.o
                0x00000000080011c0                TIM3_IRQHandler
 .text.get_microsecond_time
                0x00000000080011d8       0x5c Core/Src/microsecond_clock.o
                0x00000000080011d8                get_microsecond_time
 .text.reset_microsecond_time
                0x0000000008001234       0x14 Core/Src/microsecond_clock.o
                0x0000000008001234                reset_microsecond_time
 .text.enable_mosfets
                0x0000000008001248        0xc Core/Src/mosfets.o
                0x0000000008001248                enable_mosfets
 .text.disable_mosfets
                0x0000000008001254        0xc Core/Src/mosfets.o
                0x0000000008001254                disable_mosfets
 .text.get_mosfets_enabled
                0x0000000008001260        0x4 Core/Src/mosfets.o
                0x0000000008001260                get_mosfets_enabled
 .text.PI_controller
                0x0000000008001264       0x44 Core/Src/motor_control.o
                0x0000000008001264                PI_controller
 .text.PID_controller
                0x00000000080012a8       0x8c Core/Src/motor_control.o
                0x00000000080012a8                PID_controller
 .text.print_position
                0x0000000008001334       0x34 Core/Src/motor_control.o
                0x0000000008001334                print_position
 .text.print_queue_stats
                0x0000000008001368       0x2c Core/Src/motor_control.o
                0x0000000008001368                print_queue_stats
 .text.print_current_movement
                0x0000000008001394       0x90 Core/Src/motor_control.o
                0x0000000008001394                print_current_movement
 .text.print_velocity
                0x0000000008001424       0x34 Core/Src/motor_control.o
                0x0000000008001424                print_velocity
 .text.print_time_difference
                0x0000000008001458       0x34 Core/Src/motor_control.o
                0x0000000008001458                print_time_difference
 .text.print_motor_current
                0x000000000800148c       0x2c Core/Src/motor_control.o
                0x000000000800148c                print_motor_current
 .text.add_to_queue
                0x00000000080014b8       0x3c Core/Src/motor_control.o
                0x00000000080014b8                add_to_queue
 .text.take_from_queue
                0x00000000080014f4       0x40 Core/Src/motor_control.o
                0x00000000080014f4                take_from_queue
 .text.clear_the_queue
                0x0000000008001534       0x2c Core/Src/motor_control.o
                0x0000000008001534                clear_the_queue
 .text.stop_movement
                0x0000000008001560       0x20 Core/Src/motor_control.o
                0x0000000008001560                stop_movement
 .text.start_calibration
                0x0000000008001580       0x84 Core/Src/motor_control.o
                0x0000000008001580                start_calibration
 .text.handle_calibration_logic
                0x0000000008001604      0x1c8 Core/Src/motor_control.o
                0x0000000008001604                handle_calibration_logic
 .text.start_go_to_closed_loop_mode
                0x00000000080017cc       0x50 Core/Src/motor_control.o
                0x00000000080017cc                start_go_to_closed_loop_mode
 .text.go_to_closed_loop_mode_logic
                0x000000000800181c      0x100 Core/Src/motor_control.o
                0x000000000800181c                go_to_closed_loop_mode_logic
 .text.start_capture
                0x000000000800191c       0x24 Core/Src/motor_control.o
                0x000000000800191c                start_capture
 .text.capture_logic
                0x0000000008001940      0x114 Core/Src/motor_control.o
                0x0000000008001940                capture_logic
 .text.compute_velocity
                0x0000000008001a54       0x58 Core/Src/motor_control.o
                0x0000000008001a54                compute_velocity
 .text.handle_queued_movements
                0x0000000008001aac      0x100 Core/Src/motor_control.o
                0x0000000008001aac                handle_queued_movements
 .text.motor_movement_calculations
                0x0000000008001bac       0xfc Core/Src/motor_control.o
                0x0000000008001bac                motor_movement_calculations
 .text.motor_phase_calculations
                0x0000000008001ca8       0x84 Core/Src/motor_control.o
                0x0000000008001ca8                motor_phase_calculations
 .text.increase_motor_pwm_voltage
                0x0000000008001d2c       0x30 Core/Src/motor_control.o
                0x0000000008001d2c                increase_motor_pwm_voltage
 .text.decrease_motor_pwm_voltage
                0x0000000008001d5c       0x30 Core/Src/motor_control.o
                0x0000000008001d5c                decrease_motor_pwm_voltage
 .text.get_motor_control_mode
                0x0000000008001d8c        0xc Core/Src/motor_control.o
                0x0000000008001d8c                get_motor_control_mode
 .text.set_motor_control_mode
                0x0000000008001d98        0xc Core/Src/motor_control.o
                0x0000000008001d98                set_motor_control_mode
 .text.move_n_steps_in_m_time
                0x0000000008001da4       0x28 Core/Src/motor_control.o
                0x0000000008001da4                move_n_steps_in_m_time
 .text.zero_position_and_hall_sensor
                0x0000000008001dcc       0x40 Core/Src/motor_control.o
                0x0000000008001dcc                zero_position_and_hall_sensor
 .text.processCommand
                0x0000000008001e0c      0x1e4 Core/Src/motor_control.o
                0x0000000008001e0c                processCommand
 .text.motor_control
                0x0000000008001ff0       0x24 Core/Src/motor_control.o
                0x0000000008001ff0                motor_control
 .text._sbrk    0x0000000008002014       0x40 Core/Src/sysmem.o
                0x0000000008002014                _sbrk
 .text.SystemInit
                0x0000000008002054       0x10 Core/Src/system_stm32g0xx.o
                0x0000000008002054                SystemInit
 .text.Reset_Handler
                0x0000000008002064       0x50 Core/Startup/startup_stm32g030c8tx.o
                0x0000000008002064                Reset_Handler
 .text.Default_Handler
                0x00000000080020b4        0x2 Core/Startup/startup_stm32g030c8tx.o
                0x00000000080020b4                TIM1_BRK_UP_TRG_COM_IRQHandler
                0x00000000080020b4                HardFault_Handler
                0x00000000080020b4                PendSV_Handler
                0x00000000080020b4                NMI_Handler
                0x00000000080020b4                I2C1_IRQHandler
                0x00000000080020b4                RTC_TAMP_IRQHandler
                0x00000000080020b4                SPI1_IRQHandler
                0x00000000080020b4                DMA1_Ch4_5_DMAMUX1_OVR_IRQHandler
                0x00000000080020b4                EXTI2_3_IRQHandler
                0x00000000080020b4                ADC1_IRQHandler
                0x00000000080020b4                I2C2_IRQHandler
                0x00000000080020b4                TIM17_IRQHandler
                0x00000000080020b4                TIM16_IRQHandler
                0x00000000080020b4                EXTI4_15_IRQHandler
                0x00000000080020b4                RCC_IRQHandler
                0x00000000080020b4                DMA1_Channel1_IRQHandler
                0x00000000080020b4                Default_Handler
                0x00000000080020b4                TIM14_IRQHandler
                0x00000000080020b4                EXTI0_1_IRQHandler
                0x00000000080020b4                SPI2_IRQHandler
                0x00000000080020b4                SVC_Handler
                0x00000000080020b4                WWDG_IRQHandler
                0x00000000080020b4                DMA1_Channel2_3_IRQHandler
                0x00000000080020b4                FLASH_IRQHandler
                0x00000000080020b4                TIM1_CC_IRQHandler
 *fill*         0x00000000080020b6        0x2 
 .text.__errno  0x00000000080020b8        0xc /usr/local/gcc_arm/gcc-arm-none-eabi-10-2020-q4-major/bin/../lib/gcc/arm-none-eabi/10.2.1/../../../../arm-none-eabi/lib/thumb/v6-m/nofp/libc_nano.a(lib_a-errno.o)
                0x00000000080020b8                __errno
 .text.__libc_init_array
                0x00000000080020c4       0x48 /usr/local/gcc_arm/gcc-arm-none-eabi-10-2020-q4-major/bin/../lib/gcc/arm-none-eabi/10.2.1/../../../../arm-none-eabi/lib/thumb/v6-m/nofp/libc_nano.a(lib_a-init.o)
                0x00000000080020c4                __libc_init_array
 .text.memcpy   0x000000000800210c       0x12 /usr/local/gcc_arm/gcc-arm-none-eabi-10-2020-q4-major/bin/../lib/gcc/arm-none-eabi/10.2.1/../../../../arm-none-eabi/lib/thumb/v6-m/nofp/libc_nano.a(lib_a-memcpy-stub.o)
                0x000000000800210c                memcpy
 .text.memset   0x000000000800211e       0x10 /usr/local/gcc_arm/gcc-arm-none-eabi-10-2020-q4-major/bin/../lib/gcc/arm-none-eabi/10.2.1/../../../../arm-none-eabi/lib/thumb/v6-m/nofp/libc_nano.a(lib_a-memset.o)
                0x000000000800211e                memset
 *fill*         0x000000000800212e        0x2 
 .text.sprintf  0x0000000008002130       0x40 /usr/local/gcc_arm/gcc-arm-none-eabi-10-2020-q4-major/bin/../lib/gcc/arm-none-eabi/10.2.1/../../../../arm-none-eabi/lib/thumb/v6-m/nofp/libc_nano.a(lib_a-sprintf.o)
                0x0000000008002130                sprintf
                0x0000000008002130                siprintf
 .text.strcpy   0x0000000008002170       0x10 /usr/local/gcc_arm/gcc-arm-none-eabi-10-2020-q4-major/bin/../lib/gcc/arm-none-eabi/10.2.1/../../../../arm-none-eabi/lib/thumb/v6-m/nofp/libc_nano.a(lib_a-strcpy.o)
                0x0000000008002170                strcpy
 .text.__ssputs_r
                0x0000000008002180       0xc4 /usr/local/gcc_arm/gcc-arm-none-eabi-10-2020-q4-major/bin/../lib/gcc/arm-none-eabi/10.2.1/../../../../arm-none-eabi/lib/thumb/v6-m/nofp/libc_nano.a(lib_a-nano-svfprintf.o)
                0x0000000008002180                __ssputs_r
 .text._svfprintf_r
                0x0000000008002244      0x200 /usr/local/gcc_arm/gcc-arm-none-eabi-10-2020-q4-major/bin/../lib/gcc/arm-none-eabi/10.2.1/../../../../arm-none-eabi/lib/thumb/v6-m/nofp/libc_nano.a(lib_a-nano-svfprintf.o)
                0x0000000008002244                _svfprintf_r
                0x0000000008002244                _svfiprintf_r
 .text._printf_common
                0x0000000008002444       0xde /usr/local/gcc_arm/gcc-arm-none-eabi-10-2020-q4-major/bin/../lib/gcc/arm-none-eabi/10.2.1/../../../../arm-none-eabi/lib/thumb/v6-m/nofp/libc_nano.a(lib_a-nano-vfprintf_i.o)
                0x0000000008002444                _printf_common
 *fill*         0x0000000008002522        0x2 
 .text._printf_i
                0x0000000008002524      0x224 /usr/local/gcc_arm/gcc-arm-none-eabi-10-2020-q4-major/bin/../lib/gcc/arm-none-eabi/10.2.1/../../../../arm-none-eabi/lib/thumb/v6-m/nofp/libc_nano.a(lib_a-nano-vfprintf_i.o)
                0x0000000008002524                _printf_i
 .text.memchr   0x0000000008002748       0x16 /usr/local/gcc_arm/gcc-arm-none-eabi-10-2020-q4-major/bin/../lib/gcc/arm-none-eabi/10.2.1/../../../../arm-none-eabi/lib/thumb/v6-m/nofp/libc_nano.a(lib_a-memchr-stub.o)
                0x0000000008002748                memchr
 .text.memmove  0x000000000800275e       0x26 /usr/local/gcc_arm/gcc-arm-none-eabi-10-2020-q4-major/bin/../lib/gcc/arm-none-eabi/10.2.1/../../../../arm-none-eabi/lib/thumb/v6-m/nofp/libc_nano.a(lib_a-memmove.o)
                0x000000000800275e                memmove
 .text._free_r  0x0000000008002784       0x94 /usr/local/gcc_arm/gcc-arm-none-eabi-10-2020-q4-major/bin/../lib/gcc/arm-none-eabi/10.2.1/../../../../arm-none-eabi/lib/thumb/v6-m/nofp/libc_nano.a(lib_a-nano-freer.o)
                0x0000000008002784                _free_r
 .text._malloc_r
                0x0000000008002818       0xbc /usr/local/gcc_arm/gcc-arm-none-eabi-10-2020-q4-major/bin/../lib/gcc/arm-none-eabi/10.2.1/../../../../arm-none-eabi/lib/thumb/v6-m/nofp/libc_nano.a(lib_a-nano-mallocr.o)
                0x0000000008002818                _malloc_r
 .text._realloc_r
                0x00000000080028d4       0x4c /usr/local/gcc_arm/gcc-arm-none-eabi-10-2020-q4-major/bin/../lib/gcc/arm-none-eabi/10.2.1/../../../../arm-none-eabi/lib/thumb/v6-m/nofp/libc_nano.a(lib_a-nano-reallocr.o)
                0x00000000080028d4                _realloc_r
 .text._sbrk_r  0x0000000008002920       0x24 /usr/local/gcc_arm/gcc-arm-none-eabi-10-2020-q4-major/bin/../lib/gcc/arm-none-eabi/10.2.1/../../../../arm-none-eabi/lib/thumb/v6-m/nofp/libc_nano.a(lib_a-sbrkr.o)
                0x0000000008002920                _sbrk_r
 .text.__malloc_lock
                0x0000000008002944       0x10 /usr/local/gcc_arm/gcc-arm-none-eabi-10-2020-q4-major/bin/../lib/gcc/arm-none-eabi/10.2.1/../../../../arm-none-eabi/lib/thumb/v6-m/nofp/libc_nano.a(lib_a-mlock.o)
                0x0000000008002944                __malloc_lock
 .text.__malloc_unlock
                0x0000000008002954       0x10 /usr/local/gcc_arm/gcc-arm-none-eabi-10-2020-q4-major/bin/../lib/gcc/arm-none-eabi/10.2.1/../../../../arm-none-eabi/lib/thumb/v6-m/nofp/libc_nano.a(lib_a-mlock.o)
                0x0000000008002954                __malloc_unlock
 .text._malloc_usable_size_r
                0x0000000008002964       0x10 /usr/local/gcc_arm/gcc-arm-none-eabi-10-2020-q4-major/bin/../lib/gcc/arm-none-eabi/10.2.1/../../../../arm-none-eabi/lib/thumb/v6-m/nofp/libc_nano.a(lib_a-nano-msizer.o)
                0x0000000008002964                _malloc_usable_size_r
 .text.__retarget_lock_acquire_recursive
                0x0000000008002974        0x2 /usr/local/gcc_arm/gcc-arm-none-eabi-10-2020-q4-major/bin/../lib/gcc/arm-none-eabi/10.2.1/../../../../arm-none-eabi/lib/thumb/v6-m/nofp/libc_nano.a(lib_a-lock.o)
                0x0000000008002974                __retarget_lock_acquire_recursive
 .text.__retarget_lock_release_recursive
                0x0000000008002976        0x2 /usr/local/gcc_arm/gcc-arm-none-eabi-10-2020-q4-major/bin/../lib/gcc/arm-none-eabi/10.2.1/../../../../arm-none-eabi/lib/thumb/v6-m/nofp/libc_nano.a(lib_a-lock.o)
                0x0000000008002976                __retarget_lock_release_recursive
 *(.glue_7)
 .glue_7        0x0000000008002978        0x0 linker stubs
 *(.glue_7t)
 .glue_7t       0x0000000008002978        0x0 linker stubs
 *(.eh_frame)
 .eh_frame      0x0000000008002978        0x0 /usr/local/gcc_arm/gcc-arm-none-eabi-10-2020-q4-major/bin/../lib/gcc/arm-none-eabi/10.2.1/thumb/v6-m/nofp/crtbegin.o
 *(.init)
 .init          0x0000000008002978        0x4 /usr/local/gcc_arm/gcc-arm-none-eabi-10-2020-q4-major/bin/../lib/gcc/arm-none-eabi/10.2.1/thumb/v6-m/nofp/crti.o
                0x0000000008002978                _init
 .init          0x000000000800297c        0x8 /usr/local/gcc_arm/gcc-arm-none-eabi-10-2020-q4-major/bin/../lib/gcc/arm-none-eabi/10.2.1/thumb/v6-m/nofp/crtn.o
 *(.fini)
 .fini          0x0000000008002984        0x4 /usr/local/gcc_arm/gcc-arm-none-eabi-10-2020-q4-major/bin/../lib/gcc/arm-none-eabi/10.2.1/thumb/v6-m/nofp/crti.o
                0x0000000008002984                _fini
 .fini          0x0000000008002988        0x8 /usr/local/gcc_arm/gcc-arm-none-eabi-10-2020-q4-major/bin/../lib/gcc/arm-none-eabi/10.2.1/thumb/v6-m/nofp/crtn.o
                0x0000000008002990                . = ALIGN (0x4)
                0x0000000008002990                _etext = .

.vfp11_veneer   0x0000000008002990        0x0
 .vfp11_veneer  0x0000000008002990        0x0 linker stubs

.v4_bx          0x0000000008002990        0x0
 .v4_bx         0x0000000008002990        0x0 linker stubs

.iplt           0x0000000008002990        0x0
 .iplt          0x0000000008002990        0x0 /usr/local/gcc_arm/gcc-arm-none-eabi-10-2020-q4-major/bin/../lib/gcc/arm-none-eabi/10.2.1/thumb/v6-m/nofp/crtbegin.o

.rodata         0x0000000008002990     0x259c
                0x0000000008002990                . = ALIGN (0x4)
 *(.rodata)
 .rodata        0x0000000008002990        0x4 Core/Src/motor_control.o
 *(.rodata*)
 .rodata.rs485_transmit.cst1
                0x0000000008002994        0x1 Core/Src/RS485.o
 .rodata.transmit.cst1
                0x0000000008002995        0x1 Core/Src/debug_uart.o
 .rodata.print_hall_position.str1.1
                0x0000000008002995       0x2f Core/Src/hall_sensor_calculations.o
 .rodata.process_debug_uart_commands.str1.1
                0x00000000080029c4       0x7e Core/Src/main.o
 .rodata.button_logic.str1.1
                0x0000000008002a42       0x14 Core/Src/main.o
 .rodata.main.str1.1
                0x0000000008002a56        0xf Core/Src/main.o
                                         0x16 (size before relaxing)
 .rodata.print_position.str1.1
                0x0000000008002a65       0x2a Core/Src/motor_control.o
 .rodata.print_queue_stats.str1.1
                0x0000000008002a8f       0x16 Core/Src/motor_control.o
 .rodata.print_current_movement.str1.1
                0x0000000008002aa5       0xac Core/Src/motor_control.o
 .rodata.print_velocity.str1.1
                0x0000000008002b51       0x2e Core/Src/motor_control.o
 .rodata.print_time_difference.str1.1
                0x0000000008002b7f       0x30 Core/Src/motor_control.o
 .rodata.print_motor_current.str1.1
                0x0000000008002baf       0x30 Core/Src/motor_control.o
                                          0x5 (size before relaxing)
 .rodata.start_calibration.str1.1
                0x0000000008002baf       0x4a Core/Src/motor_control.o
 .rodata.handle_calibration_logic.str1.1
                0x0000000008002bf9       0x8e Core/Src/motor_control.o
 .rodata.start_go_to_closed_loop_mode.str1.1
                0x0000000008002c87       0x1e Core/Src/motor_control.o
 .rodata.go_to_closed_loop_mode_logic.str1.1
                0x0000000008002ca5       0x5b Core/Src/motor_control.o
 .rodata.start_capture.str1.1
                0x0000000008002d00        0xf Core/Src/motor_control.o
 .rodata.increase_motor_pwm_voltage.str1.1
                0x0000000008002d0f       0x17 Core/Src/motor_control.o
 .rodata.processCommand.str1.1
                0x0000000008002d26       0x10 Core/Src/motor_control.o
 *fill*         0x0000000008002d36        0x2 
 .rodata.commutation_lookup_table
                0x0000000008002d38     0x21c0 Core/Src/motor_control.o
                0x0000000008002d38                commutation_lookup_table
 .rodata._svfprintf_r.str1.1
                0x0000000008004ef8       0x11 /usr/local/gcc_arm/gcc-arm-none-eabi-10-2020-q4-major/bin/../lib/gcc/arm-none-eabi/10.2.1/../../../../arm-none-eabi/lib/thumb/v6-m/nofp/libc_nano.a(lib_a-nano-svfprintf.o)
 .rodata._printf_i.str1.1
                0x0000000008004f09       0x22 /usr/local/gcc_arm/gcc-arm-none-eabi-10-2020-q4-major/bin/../lib/gcc/arm-none-eabi/10.2.1/../../../../arm-none-eabi/lib/thumb/v6-m/nofp/libc_nano.a(lib_a-nano-vfprintf_i.o)
                0x0000000008004f2c                . = ALIGN (0x4)
 *fill*         0x0000000008004f2b        0x1 

.ARM.extab      0x0000000008004f2c        0x0
                0x0000000008004f2c                . = ALIGN (0x4)
 *(.ARM.extab* .gnu.linkonce.armextab.*)
                0x0000000008004f2c                . = ALIGN (0x4)

.ARM            0x0000000008004f2c        0x8
                0x0000000008004f2c                . = ALIGN (0x4)
                0x0000000008004f2c                __exidx_start = .
 *(.ARM.exidx*)
 .ARM.exidx     0x0000000008004f2c        0x8 /usr/local/gcc_arm/gcc-arm-none-eabi-10-2020-q4-major/bin/../lib/gcc/arm-none-eabi/10.2.1/thumb/v6-m/nofp/libgcc.a(_divdi3.o)
                0x0000000008004f34                __exidx_end = .
                0x0000000008004f34                . = ALIGN (0x4)

.rel.dyn        0x0000000008004f34        0x0
 .rel.iplt      0x0000000008004f34        0x0 /usr/local/gcc_arm/gcc-arm-none-eabi-10-2020-q4-major/bin/../lib/gcc/arm-none-eabi/10.2.1/thumb/v6-m/nofp/crtbegin.o

.preinit_array  0x0000000008004f34        0x0
                0x0000000008004f34                . = ALIGN (0x4)
                0x0000000008004f34                PROVIDE (__preinit_array_start = .)
 *(.preinit_array*)
                0x0000000008004f34                PROVIDE (__preinit_array_end = .)
                0x0000000008004f34                . = ALIGN (0x4)

.init_array     0x0000000008004f34        0x4
                0x0000000008004f34                . = ALIGN (0x4)
                0x0000000008004f34                PROVIDE (__init_array_start = .)
 *(SORT_BY_NAME(.init_array.*))
 *(.init_array*)
 .init_array    0x0000000008004f34        0x4 /usr/local/gcc_arm/gcc-arm-none-eabi-10-2020-q4-major/bin/../lib/gcc/arm-none-eabi/10.2.1/thumb/v6-m/nofp/crtbegin.o
                0x0000000008004f38                PROVIDE (__init_array_end = .)
                0x0000000008004f38                . = ALIGN (0x4)

.fini_array     0x0000000008004f38        0x4
                0x0000000008004f38                . = ALIGN (0x4)
                [!provide]                        PROVIDE (__fini_array_start = .)
 *(SORT_BY_NAME(.fini_array.*))
 *(.fini_array*)
 .fini_array    0x0000000008004f38        0x4 /usr/local/gcc_arm/gcc-arm-none-eabi-10-2020-q4-major/bin/../lib/gcc/arm-none-eabi/10.2.1/thumb/v6-m/nofp/crtbegin.o
                [!provide]                        PROVIDE (__fini_array_end = .)
                0x0000000008004f3c                . = ALIGN (0x4)
                0x0000000008004f3c                _sidata = LOADADDR (.data)

.data           0x0000000020000000       0x78 load address 0x0000000008004f3c
                0x0000000020000000                . = ALIGN (0x4)
                0x0000000020000000                _sdata = .
 *(.data)
 *(.data*)
 .data.leading_zero.1
                0x0000000020000000        0x1 Core/Src/debug_uart.o
 .data.previous_largest_sensor
                0x0000000020000001        0x1 Core/Src/hall_sensor_calculations.o
 *fill*         0x0000000020000002        0x2 
 .data.commutation_position_offset
                0x0000000020000004        0x4 Core/Src/motor_control.o
 .data.integral_term.18
                0x0000000020000008        0x4 Core/Src/motor_control.o
 .data.max_acceleration
                0x000000002000000c        0x2 Core/Src/motor_control.o
                0x000000002000000c                max_acceleration
 *fill*         0x000000002000000e        0x2 
 .data.max_velocity
                0x0000000020000010        0x4 Core/Src/motor_control.o
                0x0000000020000010                max_velocity
 .data._impure_ptr
                0x0000000020000014        0x4 /usr/local/gcc_arm/gcc-arm-none-eabi-10-2020-q4-major/bin/../lib/gcc/arm-none-eabi/10.2.1/../../../../arm-none-eabi/lib/thumb/v6-m/nofp/libc_nano.a(lib_a-impure.o)
                0x0000000020000014                _impure_ptr
 .data.impure_data
                0x0000000020000018       0x60 /usr/local/gcc_arm/gcc-arm-none-eabi-10-2020-q4-major/bin/../lib/gcc/arm-none-eabi/10.2.1/../../../../arm-none-eabi/lib/thumb/v6-m/nofp/libc_nano.a(lib_a-impure.o)
 *(.RamFunc)
 *(.RamFunc*)
                0x0000000020000078                . = ALIGN (0x4)
                0x0000000020000078                _edata = .

.igot.plt       0x0000000020000078        0x0 load address 0x0000000008004fb4
 .igot.plt      0x0000000020000078        0x0 /usr/local/gcc_arm/gcc-arm-none-eabi-10-2020-q4-major/bin/../lib/gcc/arm-none-eabi/10.2.1/thumb/v6-m/nofp/crtbegin.o
                0x0000000020000078                . = ALIGN (0x4)

.bss            0x0000000020000078      0x3c4 load address 0x0000000008004fb4
                0x0000000020000078                _sbss = .
                0x0000000020000078                __bss_start__ = _sbss
 *(.bss)
 .bss           0x0000000020000078       0x1c /usr/local/gcc_arm/gcc-arm-none-eabi-10-2020-q4-major/bin/../lib/gcc/arm-none-eabi/10.2.1/thumb/v6-m/nofp/crtbegin.o
 *(.bss*)
 .bss.ADC_buffer
                0x0000000020000094       0x40 Core/Src/ADC.o
                0x0000000020000094                ADC_buffer
 .bss.USART2_timout_timer
                0x00000000200000d4        0x4 Core/Src/RS485.o
                0x00000000200000d4                USART2_timout_timer
 .bss.command   0x00000000200000d8        0x1 Core/Src/RS485.o
                0x00000000200000d8                command
 .bss.commandReceived
                0x00000000200000d9        0x1 Core/Src/RS485.o
                0x00000000200000d9                commandReceived
 .bss.receiveIndex
                0x00000000200000da        0x1 Core/Src/RS485.o
 .bss.selectedAxis
                0x00000000200000db        0x1 Core/Src/RS485.o
                0x00000000200000db                selectedAxis
 .bss.transmitBuffer
                0x00000000200000dc       0x96 Core/Src/RS485.o
 .bss.transmitCount
                0x0000000020000172        0x1 Core/Src/RS485.o
 .bss.transmitIndex
                0x0000000020000173        0x1 Core/Src/RS485.o
 .bss.valueBuffer
                0x0000000020000174        0x8 Core/Src/RS485.o
                0x0000000020000174                valueBuffer
 .bss.valueLength
                0x000000002000017c        0x1 Core/Src/RS485.o
 .bss.command_uart1
                0x000000002000017d        0x1 Core/Src/debug_uart.o
 .bss.i.2       0x000000002000017e        0x1 Core/Src/debug_uart.o
 .bss.message.0
                0x000000002000017f       0x64 Core/Src/debug_uart.o
 .bss.transmitBuffer
                0x00000000200001e3       0x96 Core/Src/debug_uart.o
 .bss.transmitCount
                0x0000000020000279        0x1 Core/Src/debug_uart.o
 .bss.transmitIndex
                0x000000002000027a        0x1 Core/Src/debug_uart.o
 *fill*         0x000000002000027b        0x1 
 .bss.hall_sensor_offset
                0x000000002000027c        0x4 Core/Src/hall_sensor_calculations.o
 .bss.sensor_incremental_position
                0x0000000020000280        0x4 Core/Src/hall_sensor_calculations.o
 .bss.time_difference_div
                0x0000000020000284        0x2 Core/Src/hall_sensor_calculations.o
 .bss.button_press_time.0
                0x0000000020000286        0x2 Core/Src/main.o
 .bss.upper_32_bits
                0x0000000020000288        0x4 Core/Src/microsecond_clock.o
 .bss.calibration
                0x000000002000028c       0x18 Core/Src/motor_control.o
                0x000000002000028c                calibration
 .bss.capture   0x00000000200002a4        0x8 Core/Src/motor_control.o
                0x00000000200002a4                capture
 .bss.commutation_position
                0x00000000200002ac        0x4 Core/Src/motor_control.o
 .bss.count.13  0x00000000200002b0        0x2 Core/Src/motor_control.o
 .bss.counter.14
                0x00000000200002b2        0x2 Core/Src/motor_control.o
 .bss.debug_counter
                0x00000000200002b4        0x4 Core/Src/motor_control.o
 .bss.desired_position
                0x00000000200002b8        0x4 Core/Src/motor_control.o
 .bss.desired_velocity
                0x00000000200002bc        0x4 Core/Src/motor_control.o
 .bss.go_to_closed_loop_mode
                0x00000000200002c0        0x8 Core/Src/motor_control.o
                0x00000000200002c0                go_to_closed_loop_mode
 .bss.hall_position
                0x00000000200002c8        0x4 Core/Src/motor_control.o
 .bss.homing    0x00000000200002cc       0x14 Core/Src/motor_control.o
                0x00000000200002cc                homing
 .bss.integral_term.17
                0x00000000200002e0        0x4 Core/Src/motor_control.o
 .bss.low_pass_filtered_error_change.15
                0x00000000200002e4        0x4 Core/Src/motor_control.o
 .bss.motor_control_mode
                0x00000000200002e8        0x1 Core/Src/motor_control.o
                0x00000000200002e8                motor_control_mode
 *fill*         0x00000000200002e9        0x3 
 .bss.motor_pwm_voltage
                0x00000000200002ec        0x4 Core/Src/motor_control.o
 .bss.movement_end_position
                0x00000000200002f0        0x4 Core/Src/motor_control.o
 *fill*         0x00000000200002f4        0x4 
 .bss.movement_end_time
                0x00000000200002f8        0x8 Core/Src/motor_control.o
 .bss.movement_queue
                0x0000000020000300      0x100 Core/Src/motor_control.o
 .bss.movement_start_position
                0x0000000020000400        0x4 Core/Src/motor_control.o
 *fill*         0x0000000020000404        0x4 
 .bss.movement_start_time
                0x0000000020000408        0x8 Core/Src/motor_control.o
 .bss.n_items_in_queue
                0x0000000020000410        0x1 Core/Src/motor_control.o
 *fill*         0x0000000020000411        0x3 
 .bss.previous_error.16
                0x0000000020000414        0x4 Core/Src/motor_control.o
 .bss.previous_hall_position.12
                0x0000000020000418        0x4 Core/Src/motor_control.o
 .bss.previous_time.11
                0x000000002000041c        0x2 Core/Src/motor_control.o
 .bss.queue_read_position
                0x000000002000041e        0x1 Core/Src/motor_control.o
 .bss.queue_write_position
                0x000000002000041f        0x1 Core/Src/motor_control.o
 .bss.time_difference
                0x0000000020000420        0x2 Core/Src/motor_control.o
 .bss.time_difference_mod
                0x0000000020000422        0x2 Core/Src/motor_control.o
 .bss.velocity  0x0000000020000424        0x4 Core/Src/motor_control.o
 .bss.__sbrk_heap_end
                0x0000000020000428        0x4 Core/Src/sysmem.o
 .bss.__malloc_free_list
                0x000000002000042c        0x4 /usr/local/gcc_arm/gcc-arm-none-eabi-10-2020-q4-major/bin/../lib/gcc/arm-none-eabi/10.2.1/../../../../arm-none-eabi/lib/thumb/v6-m/nofp/libc_nano.a(lib_a-nano-mallocr.o)
                0x000000002000042c                __malloc_free_list
 .bss.__malloc_sbrk_start
                0x0000000020000430        0x4 /usr/local/gcc_arm/gcc-arm-none-eabi-10-2020-q4-major/bin/../lib/gcc/arm-none-eabi/10.2.1/../../../../arm-none-eabi/lib/thumb/v6-m/nofp/libc_nano.a(lib_a-nano-mallocr.o)
                0x0000000020000430                __malloc_sbrk_start
 .bss.errno     0x0000000020000434        0x4 /usr/local/gcc_arm/gcc-arm-none-eabi-10-2020-q4-major/bin/../lib/gcc/arm-none-eabi/10.2.1/../../../../arm-none-eabi/lib/thumb/v6-m/nofp/libc_nano.a(lib_a-reent.o)
                0x0000000020000434                errno
 .bss.__lock___malloc_recursive_mutex
                0x0000000020000438        0x1 /usr/local/gcc_arm/gcc-arm-none-eabi-10-2020-q4-major/bin/../lib/gcc/arm-none-eabi/10.2.1/../../../../arm-none-eabi/lib/thumb/v6-m/nofp/libc_nano.a(lib_a-lock.o)
                0x0000000020000438                __lock___malloc_recursive_mutex
 *(COMMON)
                0x000000002000043c                . = ALIGN (0x4)
 *fill*         0x0000000020000439        0x3 
                0x000000002000043c                _ebss = .
                0x000000002000043c                __bss_end__ = _ebss

._user_heap_stack
                0x000000002000043c      0x604 load address 0x0000000008004fb4
                0x0000000020000440                . = ALIGN (0x8)
 *fill*         0x000000002000043c        0x4 
                [!provide]                        PROVIDE (end = .)
                0x0000000020000440                PROVIDE (_end = .)
                0x0000000020000640                . = (. + _Min_Heap_Size)
 *fill*         0x0000000020000440      0x200 
                0x0000000020000a40                . = (. + _Min_Stack_Size)
 *fill*         0x0000000020000640      0x400 
                0x0000000020000a40                . = ALIGN (0x8)

/DISCARD/
 libc.a(*)
 libm.a(*)
 libgcc.a(*)

.ARM.attributes
                0x0000000000000000       0x28
 *(.ARM.attributes)
 .ARM.attributes
                0x0000000000000000       0x1e /usr/local/gcc_arm/gcc-arm-none-eabi-10-2020-q4-major/bin/../lib/gcc/arm-none-eabi/10.2.1/thumb/v6-m/nofp/crti.o
 .ARM.attributes
                0x000000000000001e       0x2c /usr/local/gcc_arm/gcc-arm-none-eabi-10-2020-q4-major/bin/../lib/gcc/arm-none-eabi/10.2.1/thumb/v6-m/nofp/crtbegin.o
 .ARM.attributes
                0x000000000000004a       0x2c Core/Src/ADC.o
 .ARM.attributes
                0x0000000000000076       0x2c Core/Src/PWM.o
 .ARM.attributes
                0x00000000000000a2       0x2c Core/Src/RS485.o
 .ARM.attributes
                0x00000000000000ce       0x2c Core/Src/debug_uart.o
 .ARM.attributes
                0x00000000000000fa       0x2c Core/Src/hall_sensor_calculations.o
 .ARM.attributes
                0x0000000000000126       0x2c Core/Src/leds.o
 .ARM.attributes
                0x0000000000000152       0x2c Core/Src/main.o
 .ARM.attributes
                0x000000000000017e       0x2c Core/Src/microsecond_clock.o
 .ARM.attributes
                0x00000000000001aa       0x2c Core/Src/mosfets.o
 .ARM.attributes
                0x00000000000001d6       0x2c Core/Src/motor_control.o
 .ARM.attributes
                0x0000000000000202       0x2c Core/Src/sysmem.o
 .ARM.attributes
                0x000000000000022e       0x2c Core/Src/system_stm32g0xx.o
 .ARM.attributes
                0x000000000000025a       0x22 Core/Startup/startup_stm32g030c8tx.o
 .ARM.attributes
                0x000000000000027c       0x2c /usr/local/gcc_arm/gcc-arm-none-eabi-10-2020-q4-major/bin/../lib/gcc/arm-none-eabi/10.2.1/../../../../arm-none-eabi/lib/thumb/v6-m/nofp/libc_nano.a(lib_a-errno.o)
 .ARM.attributes
                0x00000000000002a8       0x2c /usr/local/gcc_arm/gcc-arm-none-eabi-10-2020-q4-major/bin/../lib/gcc/arm-none-eabi/10.2.1/../../../../arm-none-eabi/lib/thumb/v6-m/nofp/libc_nano.a(lib_a-impure.o)
 .ARM.attributes
                0x00000000000002d4       0x2c /usr/local/gcc_arm/gcc-arm-none-eabi-10-2020-q4-major/bin/../lib/gcc/arm-none-eabi/10.2.1/../../../../arm-none-eabi/lib/thumb/v6-m/nofp/libc_nano.a(lib_a-init.o)
 .ARM.attributes
                0x0000000000000300       0x2c /usr/local/gcc_arm/gcc-arm-none-eabi-10-2020-q4-major/bin/../lib/gcc/arm-none-eabi/10.2.1/../../../../arm-none-eabi/lib/thumb/v6-m/nofp/libc_nano.a(lib_a-memcpy-stub.o)
 .ARM.attributes
                0x000000000000032c       0x2c /usr/local/gcc_arm/gcc-arm-none-eabi-10-2020-q4-major/bin/../lib/gcc/arm-none-eabi/10.2.1/../../../../arm-none-eabi/lib/thumb/v6-m/nofp/libc_nano.a(lib_a-memset.o)
 .ARM.attributes
                0x0000000000000358       0x2c /usr/local/gcc_arm/gcc-arm-none-eabi-10-2020-q4-major/bin/../lib/gcc/arm-none-eabi/10.2.1/../../../../arm-none-eabi/lib/thumb/v6-m/nofp/libc_nano.a(lib_a-sprintf.o)
 .ARM.attributes
                0x0000000000000384       0x2c /usr/local/gcc_arm/gcc-arm-none-eabi-10-2020-q4-major/bin/../lib/gcc/arm-none-eabi/10.2.1/../../../../arm-none-eabi/lib/thumb/v6-m/nofp/libc_nano.a(lib_a-strcpy.o)
 .ARM.attributes
                0x00000000000003b0       0x1c /usr/local/gcc_arm/gcc-arm-none-eabi-10-2020-q4-major/bin/../lib/gcc/arm-none-eabi/10.2.1/../../../../arm-none-eabi/lib/thumb/v6-m/nofp/libc_nano.a(lib_a-strlen.o)
 .ARM.attributes
                0x00000000000003cc       0x2c /usr/local/gcc_arm/gcc-arm-none-eabi-10-2020-q4-major/bin/../lib/gcc/arm-none-eabi/10.2.1/../../../../arm-none-eabi/lib/thumb/v6-m/nofp/libc_nano.a(lib_a-nano-svfprintf.o)
 .ARM.attributes
                0x00000000000003f8       0x2c /usr/local/gcc_arm/gcc-arm-none-eabi-10-2020-q4-major/bin/../lib/gcc/arm-none-eabi/10.2.1/../../../../arm-none-eabi/lib/thumb/v6-m/nofp/libc_nano.a(lib_a-nano-vfprintf_i.o)
 .ARM.attributes
                0x0000000000000424       0x2c /usr/local/gcc_arm/gcc-arm-none-eabi-10-2020-q4-major/bin/../lib/gcc/arm-none-eabi/10.2.1/../../../../arm-none-eabi/lib/thumb/v6-m/nofp/libc_nano.a(lib_a-memchr-stub.o)
 .ARM.attributes
                0x0000000000000450       0x2c /usr/local/gcc_arm/gcc-arm-none-eabi-10-2020-q4-major/bin/../lib/gcc/arm-none-eabi/10.2.1/../../../../arm-none-eabi/lib/thumb/v6-m/nofp/libc_nano.a(lib_a-memmove.o)
 .ARM.attributes
                0x000000000000047c       0x2c /usr/local/gcc_arm/gcc-arm-none-eabi-10-2020-q4-major/bin/../lib/gcc/arm-none-eabi/10.2.1/../../../../arm-none-eabi/lib/thumb/v6-m/nofp/libc_nano.a(lib_a-nano-freer.o)
 .ARM.attributes
                0x00000000000004a8       0x2c /usr/local/gcc_arm/gcc-arm-none-eabi-10-2020-q4-major/bin/../lib/gcc/arm-none-eabi/10.2.1/../../../../arm-none-eabi/lib/thumb/v6-m/nofp/libc_nano.a(lib_a-nano-mallocr.o)
 .ARM.attributes
                0x00000000000004d4       0x2c /usr/local/gcc_arm/gcc-arm-none-eabi-10-2020-q4-major/bin/../lib/gcc/arm-none-eabi/10.2.1/../../../../arm-none-eabi/lib/thumb/v6-m/nofp/libc_nano.a(lib_a-nano-reallocr.o)
 .ARM.attributes
                0x0000000000000500       0x2c /usr/local/gcc_arm/gcc-arm-none-eabi-10-2020-q4-major/bin/../lib/gcc/arm-none-eabi/10.2.1/../../../../arm-none-eabi/lib/thumb/v6-m/nofp/libc_nano.a(lib_a-sbrkr.o)
 .ARM.attributes
                0x000000000000052c       0x2c /usr/local/gcc_arm/gcc-arm-none-eabi-10-2020-q4-major/bin/../lib/gcc/arm-none-eabi/10.2.1/../../../../arm-none-eabi/lib/thumb/v6-m/nofp/libc_nano.a(lib_a-mlock.o)
 .ARM.attributes
                0x0000000000000558       0x2c /usr/local/gcc_arm/gcc-arm-none-eabi-10-2020-q4-major/bin/../lib/gcc/arm-none-eabi/10.2.1/../../../../arm-none-eabi/lib/thumb/v6-m/nofp/libc_nano.a(lib_a-nano-msizer.o)
 .ARM.attributes
                0x0000000000000584       0x2c /usr/local/gcc_arm/gcc-arm-none-eabi-10-2020-q4-major/bin/../lib/gcc/arm-none-eabi/10.2.1/../../../../arm-none-eabi/lib/thumb/v6-m/nofp/libc_nano.a(lib_a-reent.o)
 .ARM.attributes
                0x00000000000005b0       0x2c /usr/local/gcc_arm/gcc-arm-none-eabi-10-2020-q4-major/bin/../lib/gcc/arm-none-eabi/10.2.1/../../../../arm-none-eabi/lib/thumb/v6-m/nofp/libc_nano.a(lib_a-lock.o)
 .ARM.attributes
                0x00000000000005dc       0x1e /usr/local/gcc_arm/gcc-arm-none-eabi-10-2020-q4-major/bin/../lib/gcc/arm-none-eabi/10.2.1/thumb/v6-m/nofp/libgcc.a(_thumb1_case_sqi.o)
 .ARM.attributes
                0x00000000000005fa       0x1e /usr/local/gcc_arm/gcc-arm-none-eabi-10-2020-q4-major/bin/../lib/gcc/arm-none-eabi/10.2.1/thumb/v6-m/nofp/libgcc.a(_thumb1_case_uqi.o)
 .ARM.attributes
                0x0000000000000618       0x1e /usr/local/gcc_arm/gcc-arm-none-eabi-10-2020-q4-major/bin/../lib/gcc/arm-none-eabi/10.2.1/thumb/v6-m/nofp/libgcc.a(_thumb1_case_shi.o)
 .ARM.attributes
                0x0000000000000636       0x1e /usr/local/gcc_arm/gcc-arm-none-eabi-10-2020-q4-major/bin/../lib/gcc/arm-none-eabi/10.2.1/thumb/v6-m/nofp/libgcc.a(_udivsi3.o)
 .ARM.attributes
                0x0000000000000654       0x1e /usr/local/gcc_arm/gcc-arm-none-eabi-10-2020-q4-major/bin/../lib/gcc/arm-none-eabi/10.2.1/thumb/v6-m/nofp/libgcc.a(_divsi3.o)
 .ARM.attributes
                0x0000000000000672       0x1e /usr/local/gcc_arm/gcc-arm-none-eabi-10-2020-q4-major/bin/../lib/gcc/arm-none-eabi/10.2.1/thumb/v6-m/nofp/libgcc.a(_dvmd_tls.o)
 .ARM.attributes
                0x0000000000000690       0x1e /usr/local/gcc_arm/gcc-arm-none-eabi-10-2020-q4-major/bin/../lib/gcc/arm-none-eabi/10.2.1/thumb/v6-m/nofp/libgcc.a(_aeabi_ldivmod.o)
 .ARM.attributes
                0x00000000000006ae       0x2c /usr/local/gcc_arm/gcc-arm-none-eabi-10-2020-q4-major/bin/../lib/gcc/arm-none-eabi/10.2.1/thumb/v6-m/nofp/libgcc.a(_muldi3.o)
 .ARM.attributes
                0x00000000000006da       0x2c /usr/local/gcc_arm/gcc-arm-none-eabi-10-2020-q4-major/bin/../lib/gcc/arm-none-eabi/10.2.1/thumb/v6-m/nofp/libgcc.a(bpabi.o)
 .ARM.attributes
                0x0000000000000706       0x2c /usr/local/gcc_arm/gcc-arm-none-eabi-10-2020-q4-major/bin/../lib/gcc/arm-none-eabi/10.2.1/thumb/v6-m/nofp/libgcc.a(_divdi3.o)
 .ARM.attributes
                0x0000000000000732       0x1e /usr/local/gcc_arm/gcc-arm-none-eabi-10-2020-q4-major/bin/../lib/gcc/arm-none-eabi/10.2.1/thumb/v6-m/nofp/libgcc.a(_clzdi2.o)
 .ARM.attributes
                0x0000000000000750       0x1e /usr/local/gcc_arm/gcc-arm-none-eabi-10-2020-q4-major/bin/../lib/gcc/arm-none-eabi/10.2.1/thumb/v6-m/nofp/libgcc.a(_clzsi2.o)
 .ARM.attributes
                0x000000000000076e       0x1e /usr/local/gcc_arm/gcc-arm-none-eabi-10-2020-q4-major/bin/../lib/gcc/arm-none-eabi/10.2.1/thumb/v6-m/nofp/crtn.o
OUTPUT(firmware_STM32G030_V12.elf elf32-littlearm)
LOAD linker stubs
LOAD /usr/local/gcc_arm/gcc-arm-none-eabi-10-2020-q4-major/bin/../lib/gcc/arm-none-eabi/10.2.1/../../../../arm-none-eabi/lib/thumb/v6-m/nofp/libc.a
LOAD /usr/local/gcc_arm/gcc-arm-none-eabi-10-2020-q4-major/bin/../lib/gcc/arm-none-eabi/10.2.1/../../../../arm-none-eabi/lib/thumb/v6-m/nofp/libm.a
LOAD /usr/local/gcc_arm/gcc-arm-none-eabi-10-2020-q4-major/bin/../lib/gcc/arm-none-eabi/10.2.1/thumb/v6-m/nofp/libgcc.a

.comment        0x0000000000000000       0x4d
 .comment       0x0000000000000000       0x4d Core/Src/ADC.o
                                         0x4e (size before relaxing)
 .comment       0x000000000000004d       0x4e Core/Src/PWM.o
 .comment       0x000000000000004d       0x4e Core/Src/RS485.o
 .comment       0x000000000000004d       0x4e Core/Src/debug_uart.o
 .comment       0x000000000000004d       0x4e Core/Src/hall_sensor_calculations.o
 .comment       0x000000000000004d       0x4e Core/Src/leds.o
 .comment       0x000000000000004d       0x4e Core/Src/main.o
 .comment       0x000000000000004d       0x4e Core/Src/microsecond_clock.o
 .comment       0x000000000000004d       0x4e Core/Src/mosfets.o
 .comment       0x000000000000004d       0x4e Core/Src/motor_control.o
 .comment       0x000000000000004d       0x4e Core/Src/sysmem.o
 .comment       0x000000000000004d       0x4e Core/Src/system_stm32g0xx.o

.debug_frame    0x0000000000000000      0x504
 .debug_frame   0x0000000000000000       0x20 /usr/local/gcc_arm/gcc-arm-none-eabi-10-2020-q4-major/bin/../lib/gcc/arm-none-eabi/10.2.1/../../../../arm-none-eabi/lib/thumb/v6-m/nofp/libc_nano.a(lib_a-errno.o)
 .debug_frame   0x0000000000000020       0x2c /usr/local/gcc_arm/gcc-arm-none-eabi-10-2020-q4-major/bin/../lib/gcc/arm-none-eabi/10.2.1/../../../../arm-none-eabi/lib/thumb/v6-m/nofp/libc_nano.a(lib_a-init.o)
 .debug_frame   0x000000000000004c       0x28 /usr/local/gcc_arm/gcc-arm-none-eabi-10-2020-q4-major/bin/../lib/gcc/arm-none-eabi/10.2.1/../../../../arm-none-eabi/lib/thumb/v6-m/nofp/libc_nano.a(lib_a-memcpy-stub.o)
 .debug_frame   0x0000000000000074       0x20 /usr/local/gcc_arm/gcc-arm-none-eabi-10-2020-q4-major/bin/../lib/gcc/arm-none-eabi/10.2.1/../../../../arm-none-eabi/lib/thumb/v6-m/nofp/libc_nano.a(lib_a-memset.o)
 .debug_frame   0x0000000000000094       0x48 /usr/local/gcc_arm/gcc-arm-none-eabi-10-2020-q4-major/bin/../lib/gcc/arm-none-eabi/10.2.1/../../../../arm-none-eabi/lib/thumb/v6-m/nofp/libc_nano.a(lib_a-sprintf.o)
 .debug_frame   0x00000000000000dc       0x20 /usr/local/gcc_arm/gcc-arm-none-eabi-10-2020-q4-major/bin/../lib/gcc/arm-none-eabi/10.2.1/../../../../arm-none-eabi/lib/thumb/v6-m/nofp/libc_nano.a(lib_a-strcpy.o)
 .debug_frame   0x00000000000000fc       0x74 /usr/local/gcc_arm/gcc-arm-none-eabi-10-2020-q4-major/bin/../lib/gcc/arm-none-eabi/10.2.1/../../../../arm-none-eabi/lib/thumb/v6-m/nofp/libc_nano.a(lib_a-nano-svfprintf.o)
 .debug_frame   0x0000000000000170       0x54 /usr/local/gcc_arm/gcc-arm-none-eabi-10-2020-q4-major/bin/../lib/gcc/arm-none-eabi/10.2.1/../../../../arm-none-eabi/lib/thumb/v6-m/nofp/libc_nano.a(lib_a-nano-vfprintf_i.o)
 .debug_frame   0x00000000000001c4       0x20 /usr/local/gcc_arm/gcc-arm-none-eabi-10-2020-q4-major/bin/../lib/gcc/arm-none-eabi/10.2.1/../../../../arm-none-eabi/lib/thumb/v6-m/nofp/libc_nano.a(lib_a-memchr-stub.o)
 .debug_frame   0x00000000000001e4       0x28 /usr/local/gcc_arm/gcc-arm-none-eabi-10-2020-q4-major/bin/../lib/gcc/arm-none-eabi/10.2.1/../../../../arm-none-eabi/lib/thumb/v6-m/nofp/libc_nano.a(lib_a-memmove.o)
 .debug_frame   0x000000000000020c       0x2c /usr/local/gcc_arm/gcc-arm-none-eabi-10-2020-q4-major/bin/../lib/gcc/arm-none-eabi/10.2.1/../../../../arm-none-eabi/lib/thumb/v6-m/nofp/libc_nano.a(lib_a-nano-freer.o)
 .debug_frame   0x0000000000000238       0x30 /usr/local/gcc_arm/gcc-arm-none-eabi-10-2020-q4-major/bin/../lib/gcc/arm-none-eabi/10.2.1/../../../../arm-none-eabi/lib/thumb/v6-m/nofp/libc_nano.a(lib_a-nano-mallocr.o)
 .debug_frame   0x0000000000000268       0x30 /usr/local/gcc_arm/gcc-arm-none-eabi-10-2020-q4-major/bin/../lib/gcc/arm-none-eabi/10.2.1/../../../../arm-none-eabi/lib/thumb/v6-m/nofp/libc_nano.a(lib_a-nano-reallocr.o)
 .debug_frame   0x0000000000000298       0x2c /usr/local/gcc_arm/gcc-arm-none-eabi-10-2020-q4-major/bin/../lib/gcc/arm-none-eabi/10.2.1/../../../../arm-none-eabi/lib/thumb/v6-m/nofp/libc_nano.a(lib_a-sbrkr.o)
 .debug_frame   0x00000000000002c4       0x40 /usr/local/gcc_arm/gcc-arm-none-eabi-10-2020-q4-major/bin/../lib/gcc/arm-none-eabi/10.2.1/../../../../arm-none-eabi/lib/thumb/v6-m/nofp/libc_nano.a(lib_a-mlock.o)
 .debug_frame   0x0000000000000304       0x20 /usr/local/gcc_arm/gcc-arm-none-eabi-10-2020-q4-major/bin/../lib/gcc/arm-none-eabi/10.2.1/../../../../arm-none-eabi/lib/thumb/v6-m/nofp/libc_nano.a(lib_a-nano-msizer.o)
 .debug_frame   0x0000000000000324       0x48 /usr/local/gcc_arm/gcc-arm-none-eabi-10-2020-q4-major/bin/../lib/gcc/arm-none-eabi/10.2.1/../../../../arm-none-eabi/lib/thumb/v6-m/nofp/libc_nano.a(lib_a-reent.o)
 .debug_frame   0x000000000000036c       0xb0 /usr/local/gcc_arm/gcc-arm-none-eabi-10-2020-q4-major/bin/../lib/gcc/arm-none-eabi/10.2.1/../../../../arm-none-eabi/lib/thumb/v6-m/nofp/libc_nano.a(lib_a-lock.o)
 .debug_frame   0x000000000000041c       0x20 /usr/local/gcc_arm/gcc-arm-none-eabi-10-2020-q4-major/bin/../lib/gcc/arm-none-eabi/10.2.1/thumb/v6-m/nofp/libgcc.a(_udivsi3.o)
 .debug_frame   0x000000000000043c       0x20 /usr/local/gcc_arm/gcc-arm-none-eabi-10-2020-q4-major/bin/../lib/gcc/arm-none-eabi/10.2.1/thumb/v6-m/nofp/libgcc.a(_divsi3.o)
 .debug_frame   0x000000000000045c       0x34 /usr/local/gcc_arm/gcc-arm-none-eabi-10-2020-q4-major/bin/../lib/gcc/arm-none-eabi/10.2.1/thumb/v6-m/nofp/libgcc.a(_muldi3.o)
 .debug_frame   0x0000000000000490       0x38 /usr/local/gcc_arm/gcc-arm-none-eabi-10-2020-q4-major/bin/../lib/gcc/arm-none-eabi/10.2.1/thumb/v6-m/nofp/libgcc.a(bpabi.o)
 .debug_frame   0x00000000000004c8       0x3c /usr/local/gcc_arm/gcc-arm-none-eabi-10-2020-q4-major/bin/../lib/gcc/arm-none-eabi/10.2.1/thumb/v6-m/nofp/libgcc.a(_divdi3.o)
