Archive member included to satisfy reference by file (symbol)

/Users/tom/Documents/Move_the_Needle/Servo_Motor/servomotor_firmware_git/toolchain_stm32_macos/gcc-arm-none-eabi-10-2020-q4-major/bin/../lib/gcc/arm-none-eabi/10.2.1/../../../../arm-none-eabi/lib/thumb/v6-m/nofp/libc_nano.a(lib_a-errno.o)
                              ./Core/Src/syscalls.o (__errno)
/Users/tom/Documents/Move_the_Needle/Servo_Motor/servomotor_firmware_git/toolchain_stm32_macos/gcc-arm-none-eabi-10-2020-q4-major/bin/../lib/gcc/arm-none-eabi/10.2.1/../../../../arm-none-eabi/lib/thumb/v6-m/nofp/libc_nano.a(lib_a-exit.o)
                              /Users/tom/Documents/Move_the_Needle/Servo_Motor/servomotor_firmware_git/toolchain_stm32_macos/gcc-arm-none-eabi-10-2020-q4-major/bin/../lib/gcc/arm-none-eabi/10.2.1/../../../../arm-none-eabi/lib/thumb/v6-m/nofp/crt0.o (exit)
/Users/tom/Documents/Move_the_Needle/Servo_Motor/servomotor_firmware_git/toolchain_stm32_macos/gcc-arm-none-eabi-10-2020-q4-major/bin/../lib/gcc/arm-none-eabi/10.2.1/../../../../arm-none-eabi/lib/thumb/v6-m/nofp/libc_nano.a(lib_a-impure.o)
                              /Users/tom/Documents/Move_the_Needle/Servo_Motor/servomotor_firmware_git/toolchain_stm32_macos/gcc-arm-none-eabi-10-2020-q4-major/bin/../lib/gcc/arm-none-eabi/10.2.1/../../../../arm-none-eabi/lib/thumb/v6-m/nofp/libc_nano.a(lib_a-exit.o) (_global_impure_ptr)
/Users/tom/Documents/Move_the_Needle/Servo_Motor/servomotor_firmware_git/toolchain_stm32_macos/gcc-arm-none-eabi-10-2020-q4-major/bin/../lib/gcc/arm-none-eabi/10.2.1/../../../../arm-none-eabi/lib/thumb/v6-m/nofp/libc_nano.a(lib_a-init.o)
                              /Users/tom/Documents/Move_the_Needle/Servo_Motor/servomotor_firmware_git/toolchain_stm32_macos/gcc-arm-none-eabi-10-2020-q4-major/bin/../lib/gcc/arm-none-eabi/10.2.1/../../../../arm-none-eabi/lib/thumb/v6-m/nofp/crt0.o (__libc_init_array)
/Users/tom/Documents/Move_the_Needle/Servo_Motor/servomotor_firmware_git/toolchain_stm32_macos/gcc-arm-none-eabi-10-2020-q4-major/bin/../lib/gcc/arm-none-eabi/10.2.1/../../../../arm-none-eabi/lib/thumb/v6-m/nofp/libc_nano.a(lib_a-memcpy-stub.o)
                              ./Core/Src/RS485.o (memcpy)
/Users/tom/Documents/Move_the_Needle/Servo_Motor/servomotor_firmware_git/toolchain_stm32_macos/gcc-arm-none-eabi-10-2020-q4-major/bin/../lib/gcc/arm-none-eabi/10.2.1/../../../../arm-none-eabi/lib/thumb/v6-m/nofp/libc_nano.a(lib_a-memset.o)
                              /Users/tom/Documents/Move_the_Needle/Servo_Motor/servomotor_firmware_git/toolchain_stm32_macos/gcc-arm-none-eabi-10-2020-q4-major/bin/../lib/gcc/arm-none-eabi/10.2.1/../../../../arm-none-eabi/lib/thumb/v6-m/nofp/crt0.o (memset)
/Users/tom/Documents/Move_the_Needle/Servo_Motor/servomotor_firmware_git/toolchain_stm32_macos/gcc-arm-none-eabi-10-2020-q4-major/bin/../lib/gcc/arm-none-eabi/10.2.1/../../../../arm-none-eabi/lib/thumb/v6-m/nofp/libc_nano.a(lib_a-sprintf.o)
                              ./Core/Src/error_handling.o (sprintf)
/Users/tom/Documents/Move_the_Needle/Servo_Motor/servomotor_firmware_git/toolchain_stm32_macos/gcc-arm-none-eabi-10-2020-q4-major/bin/../lib/gcc/arm-none-eabi/10.2.1/../../../../arm-none-eabi/lib/thumb/v6-m/nofp/libc_nano.a(lib_a-strlen.o)
                              ./Core/Src/debug_uart.o (strlen)
/Users/tom/Documents/Move_the_Needle/Servo_Motor/servomotor_firmware_git/toolchain_stm32_macos/gcc-arm-none-eabi-10-2020-q4-major/bin/../lib/gcc/arm-none-eabi/10.2.1/../../../../arm-none-eabi/lib/thumb/v6-m/nofp/libc_nano.a(lib_a-nano-svfprintf.o)
                              /Users/tom/Documents/Move_the_Needle/Servo_Motor/servomotor_firmware_git/toolchain_stm32_macos/gcc-arm-none-eabi-10-2020-q4-major/bin/../lib/gcc/arm-none-eabi/10.2.1/../../../../arm-none-eabi/lib/thumb/v6-m/nofp/libc_nano.a(lib_a-sprintf.o) (_svfprintf_r)
/Users/tom/Documents/Move_the_Needle/Servo_Motor/servomotor_firmware_git/toolchain_stm32_macos/gcc-arm-none-eabi-10-2020-q4-major/bin/../lib/gcc/arm-none-eabi/10.2.1/../../../../arm-none-eabi/lib/thumb/v6-m/nofp/libc_nano.a(lib_a-nano-vfprintf_i.o)
                              /Users/tom/Documents/Move_the_Needle/Servo_Motor/servomotor_firmware_git/toolchain_stm32_macos/gcc-arm-none-eabi-10-2020-q4-major/bin/../lib/gcc/arm-none-eabi/10.2.1/../../../../arm-none-eabi/lib/thumb/v6-m/nofp/libc_nano.a(lib_a-nano-svfprintf.o) (_printf_i)
/Users/tom/Documents/Move_the_Needle/Servo_Motor/servomotor_firmware_git/toolchain_stm32_macos/gcc-arm-none-eabi-10-2020-q4-major/bin/../lib/gcc/arm-none-eabi/10.2.1/../../../../arm-none-eabi/lib/thumb/v6-m/nofp/libc_nano.a(lib_a-memchr-stub.o)
                              /Users/tom/Documents/Move_the_Needle/Servo_Motor/servomotor_firmware_git/toolchain_stm32_macos/gcc-arm-none-eabi-10-2020-q4-major/bin/../lib/gcc/arm-none-eabi/10.2.1/../../../../arm-none-eabi/lib/thumb/v6-m/nofp/libc_nano.a(lib_a-nano-svfprintf.o) (memchr)
[...]
Memory Configuration

Name             Origin             Length             Attributes
RAM              0x0000000020000000 0x0000000000002000 xrw
FLASH            0x0000000008000000 0x0000000000010000 xr
*default*        0x0000000000000000 0xffffffffffffffff

Linker script and memory map

LOAD /Users/tom/Documents/Move_the_Needle/Servo_Motor/servomotor_firmware_git/toolchain_stm32_macos/gcc-arm-none-eabi-10-2020-q4-major/bin/../lib/gcc/arm-none-eabi/10.2.1/thumb/v6-m/nofp/crti.o
LOAD /Users/tom/Documents/Move_the_Needle/Servo_Motor/servomotor_firmware_git/toolchain_stm32_macos/gcc-arm-none-eabi-10-2020-q4-major/bin/../lib/gcc/arm-none-eabi/10.2.1/thumb/v6-m/nofp/crtbegin.o
LOAD /Users/tom/Documents/Move_the_Needle/Servo_Motor/servomotor_firmware_git/toolchain_stm32_macos/gcc-arm-none-eabi-10-2020-q4-major/bin/../lib/gcc/arm-none-eabi/10.2.1/../../../../arm-none-eabi/lib/thumb/v6-m/nofp/crt0.o
LOAD ./Core/Src/ADC.o
LOAD ./Core/Src/PWM.o
LOAD ./Core/Src/RS485.o
LOAD ./Core/Src/clock_calibration.o
LOAD ./Core/Src/debug_uart.o
LOAD ./Core/Src/error_handling.o
LOAD ./Core/Src/hall_sensor_calculations.o
LOAD ./Core/Src/leds.o
LOAD ./Core/Src/main.o
LOAD ./Core/Src/microsecond_clock.o
LOAD ./Core/Src/mosfets.o
LOAD ./Core/Src/motor_control.o
LOAD ./Core/Src/step_direction_input.o
LOAD ./Core/Src/syscalls.o
LOAD ./Core/Src/sysmem.o
LOAD ./Core/Src/system_stm32g0xx.o
LOAD ./Core/Src/unique_id.o
LOAD ./Core/Startup/startup_stm32g030c8tx.o
LOAD ./Drivers/STM32G0xx_HAL_Driver/Src/stm32g0xx_hal.o
LOAD ./Drivers/STM32G0xx_HAL_Driver/Src/stm32g0xx_hal_cortex.o
LOAD ./Drivers/STM32G0xx_HAL_Driver/Src/stm32g0xx_hal_dma.o
LOAD ./Drivers/STM32G0xx_HAL_Driver/Src/stm32g0xx_hal_dma_ex.o
LOAD ./Drivers/STM32G0xx_HAL_Driver/Src/stm32g0xx_hal_exti.o
LOAD ./Drivers/STM32G0xx_HAL_Driver/Src/stm32g0xx_hal_flash.o
LOAD ./Drivers/STM32G0xx_HAL_Driver/Src/stm32g0xx_hal_flash_ex.o
LOAD ./Drivers/STM32G0xx_HAL_Driver/Src/stm32g0xx_hal_gpio.o
LOAD ./Drivers/STM32G0xx_HAL_Driver/Src/stm32g0xx_hal_pwr.o
LOAD ./Drivers/STM32G0xx_HAL_Driver/Src/stm32g0xx_hal_pwr_ex.o
LOAD ./Drivers/STM32G0xx_HAL_Driver/Src/stm32g0xx_hal_rcc.o
LOAD ./Drivers/STM32G0xx_HAL_Driver/Src/stm32g0xx_hal_rcc_ex.o
LOAD ./Drivers/STM32G0xx_HAL_Driver/Src/stm32g0xx_hal_tim.o
LOAD ./Drivers/STM32G0xx_HAL_Driver/Src/stm32g0xx_hal_tim_ex.o
LOAD ./Drivers/STM32G0xx_HAL_Driver/Src/stm32g0xx_ll_dma.o
LOAD ./Drivers/STM32G0xx_HAL_Driver/Src/stm32g0xx_ll_rcc.o
START GROUP
LOAD /Users/tom/Documents/Move_the_Needle/Servo_Motor/servomotor_firmware_git/toolchain_stm32_macos/gcc-arm-none-eabi-10-2020-q4-major/bin/../lib/gcc/arm-none-eabi/10.2.1/../../../../arm-none-eabi/lib/thumb/v6-m/nofp/libc_nano.a
LOAD /Users/tom/Documents/Move_the_Needle/Servo_Motor/servomotor_firmware_git/toolchain_stm32_macos/gcc-arm-none-eabi-10-2020-q4-major/bin/../lib/gcc/arm-none-eabi/10.2.1/../../../../arm-none-eabi/lib/thumb/v6-m/nofp/libm.a
END GROUP
START GROUP
LOAD /Users/tom/Documents/Move_the_Needle/Servo_Motor/servomotor_firmware_git/toolchain_stm32_macos/gcc-arm-none-eabi-10-2020-q4-major/bin/../lib/gcc/arm-none-eabi/10.2.1/thumb/v6-m/nofp/libgcc.a
LOAD /Users/tom/Documents/Move_the_Needle/Servo_Motor/servomotor_firmware_git/toolchain_stm32_macos/gcc-arm-none-eabi-10-2020-q4-major/bin/../lib/gcc/arm-none-eabi/10.2.1/../../../../arm-none-eabi/lib/thumb/v6-m/nofp/libc_nano.a
END GROUP
START GROUP
LOAD /Users/tom/Documents/Move_the_Needle/Servo_Motor/servomotor_firmware_git/toolchain_stm32_macos/gcc-arm-none-eabi-10-2020-q4-major/bin/../lib/gcc/arm-none-eabi/10.2.1/thumb/v6-m/nofp/libgcc.a
LOAD /Users/tom/Documents/Move_the_Needle/Servo_Motor/servomotor_firmware_git/toolchain_stm32_macos/gcc-arm-none-eabi-10-2020-q4-major/bin/../lib/gcc/arm-none-eabi/10.2.1/../../../../arm-none-eabi/lib/thumb/v6-m/nofp/libc_nano.a
LOAD /Users/tom/Documents/Move_the_Needle/Servo_Motor/servomotor_firmware_git/toolchain_stm32_macos/gcc-arm-none-eabi-10-2020-q4-major/bin/../lib/gcc/arm-none-eabi/10.2.1/../../../../arm-none-eabi/lib/thumb/v6-m/nofp/libnosys.a
END GROUP
START GROUP
LOAD /Users/tom/Documents/Move_the_Needle/Servo_Motor/servomotor_firmware_git/toolchain_stm32_macos/gcc-arm-none-eabi-10-2020-q4-major/bin/../lib/gcc/arm-none-eabi/10.2.1/thumb/v6-m/nofp/libgcc.a
LOAD /Users/tom/Documents/Move_the_Needle/Servo_Motor/servomotor_firmware_git/toolchain_stm32_macos/gcc-arm-none-eabi-10-2020-q4-major/bin/../lib/gcc/arm-none-eabi/10.2.1/../../../../arm-none-eabi/lib/thumb/v6-m/nofp/libc_nano.a
LOAD /Users/tom/Documents/Move_the_Needle/Servo_Motor/servomotor_firmware_git/toolchain_stm32_macos/gcc-arm-none-eabi-10-2020-q4-major/bin/../lib/gcc/arm-none-eabi/10.2.1/../../../../arm-none-eabi/lib/thumb/v6-m/nofp/libnosys.a
END GROUP
LOAD /Users/tom/Documents/Move_the_Needle/Servo_Motor/servomotor_firmware_git/toolchain_stm32_macos/gcc-arm-none-eabi-10-2020-q4-major/bin/../lib/gcc/arm-none-eabi/10.2.1/thumb/v6-m/nofp/crtend.o
LOAD /Users/tom/Documents/Move_the_Needle/Servo_Motor/servomotor_firmware_git/toolchain_stm32_macos/gcc-arm-none-eabi-10-2020-q4-major/bin/../lib/gcc/arm-none-eabi/10.2.1/thumb/v6-m/nofp/crtn.o
                0x0000000020002000                _estack = (ORIGIN (RAM) + LENGTH (RAM))
                0x0000000000000200                _Min_Heap_Size = 0x200
                0x0000000000000400                _Min_Stack_Size = 0x400

.isr_vector     0x0000000008000000       0xb8
                0x0000000008000000                . = ALIGN (0x4)
 *(.isr_vector)
 .isr_vector    0x0000000008000000       0xb8 ./Core/Startup/startup_stm32g030c8tx.o
                0x0000000008000000                g_pfnVectors
                0x00000000080000b8                . = ALIGN (0x4)

.text           0x00000000080000b8     0x32a0
                0x00000000080000b8                . = ALIGN (0x4)
 *(.text)
 .text          0x00000000080000b8       0x48 /Users/tom/Documents/Move_the_Needle/Servo_Motor/servomotor_firmware_git/toolchain_stm32_macos/gcc-arm-none-eabi-10-2020-q4-major/bin/../lib/gcc/arm-none-eabi/10.2.1/thumb/v6-m/nofp/crtbegin.o
 .text          0x0000000008000100        0xe /Users/tom/Documents/Move_the_Needle/Servo_Motor/servomotor_firmware_git/toolchain_stm32_macos/gcc-arm-none-eabi-10-2020-q4-major/bin/../lib/gcc/arm-none-eabi/10.2.1/../../../../arm-none-eabi/lib/thumb/v6-m/nofp/libc_nano.a(lib_a-strlen.o)
                0x0000000008000100                strlen
 *fill*         0x000000000800010e        0x2 
 .text          0x0000000008000110       0x14 /Users/tom/Documents/Move_the_Needle/Servo_Motor/servomotor_firmware_git/toolchain_stm32_macos/gcc-arm-none-eabi-10-2020-q4-major/bin/../lib/gcc/arm-none-eabi/10.2.1/thumb/v6-m/nofp/libgcc.a(_thumb1_case_shi.o)
                0x0000000008000110                __gnu_thumb1_case_shi
 .text          0x0000000008000124      0x114 /Users/tom/Documents/Move_the_Needle/Servo_Motor/servomotor_firmware_git/toolchain_stm32_macos/gcc-arm-none-eabi-10-2020-q4-major/bin/../lib/gcc/arm-none-eabi/10.2.1/thumb/v6-m/nofp/libgcc.a(_udivsi3.o)
                0x0000000008000124                __udivsi3
                0x0000000008000124                __aeabi_uidiv
                0x0000000008000230                __aeabi_uidivmod
 .text          0x0000000008000238      0x1d4 /Users/tom/Documents/Move_the_Needle/Servo_Motor/servomotor_firmware_git/toolchain_stm32_macos/gcc-arm-none-eabi-10-2020-q4-major/bin/../lib/gcc/arm-none-eabi/10.2.1/thumb/v6-m/nofp/libgcc.a(_divsi3.o)
                0x0000000008000238                __aeabi_idiv
                0x0000000008000238                __divsi3
                0x0000000008000404                __aeabi_idivmod
 .text          0x000000000800040c        0x4 /Users/tom/Documents/Move_the_Needle/Servo_Motor/servomotor_firmware_git/toolchain_stm32_macos/gcc-arm-none-eabi-10-2020-q4-major/bin/../lib/gcc/arm-none-eabi/10.2.1/thumb/v6-m/nofp/libgcc.a(_dvmd_tls.o)
                0x000000000800040c                __aeabi_ldiv0
                0x000000000800040c                __aeabi_idiv0
 *(.text*)
 .text.adc_init
                0x0000000008000410      0x11c ./Core/Src/ADC.o
                0x0000000008000410                adc_init
 .text.get_motor_current
                0x000000000800052c      0x14c ./Core/Src/ADC.o
                0x000000000800052c                get_motor_current
 .text.pwm_init
                0x0000000008000678       0xa8 ./Core/Src/PWM.o
                0x0000000008000678                pwm_init
 .text.rs485_init
                0x0000000008000720       0x58 ./Core/Src/RS485.o
                0x0000000008000720                rs485_init
 .text.USART2_IRQHandler
                0x0000000008000778      0x104 ./Core/Src/RS485.o
                0x0000000008000778                USART2_IRQHandler
 .text.rs485_transmit
                0x000000000800087c       0x80 ./Core/Src/RS485.o
                0x000000000800087c                rs485_transmit
 .text.time_sync
                0x00000000080008fc       0x58 ./Core/Src/clock_calibration.o
                0x00000000080008fc                time_sync
 .text.get_clock_calibration_value
                0x0000000008000954        0xc ./Core/Src/clock_calibration.o
                0x0000000008000954                get_clock_calibration_value
 .text.debug_uart_init
                0x0000000008000960       0x4c ./Core/Src/debug_uart.o
                0x0000000008000960                debug_uart_init
 .text.USART1_IRQHandler
                0x00000000080009ac       0x98 ./Core/Src/debug_uart.o
                0x00000000080009ac                USART1_IRQHandler
 .text.transmit
                0x0000000008000a44       0x84 ./Core/Src/debug_uart.o
                0x0000000008000a44                transmit
 .text.transmit_without_interrupts
                0x0000000008000ac8       0x24 ./Core/Src/debug_uart.o
                0x0000000008000ac8                transmit_without_interrupts
 .text.print_number
                0x0000000008000aec      0x130 ./Core/Src/debug_uart.o
                0x0000000008000aec                print_number
 .text.get_command_uart1
                0x0000000008000c1c       0x14 ./Core/Src/debug_uart.o
                0x0000000008000c1c                get_command_uart1
 .text.fatal_error
                0x0000000008000c30       0xac ./Core/Src/error_handling.o
                0x0000000008000c30                fatal_error
 .text.get_hall_position
                0x0000000008000cdc      0x1ac ./Core/Src/hall_sensor_calculations.o
                0x0000000008000cdc                get_hall_position
 .text.zero_hall_position
                0x0000000008000e88       0x28 ./Core/Src/hall_sensor_calculations.o
                0x0000000008000e88                zero_hall_position
 .text.print_hall_position
                0x0000000008000eb0       0x30 ./Core/Src/hall_sensor_calculations.o
                0x0000000008000eb0                print_hall_position
 .text.red_LED_on
                0x0000000008000ee0       0x10 ./Core/Src/leds.o
                0x0000000008000ee0                red_LED_on
 .text.red_LED_off
                0x0000000008000ef0       0x10 ./Core/Src/leds.o
                0x0000000008000ef0                red_LED_off
 .text.green_LED_off
                0x0000000008000f00       0x10 ./Core/Src/leds.o
                0x0000000008000f00                green_LED_off
 .text.green_LED_toggle
                0x0000000008000f10       0x1c ./Core/Src/leds.o
                0x0000000008000f10                green_LED_toggle
 .text.SysTick_Handler
                0x0000000008000f2c       0x30 ./Core/Src/main.o
                0x0000000008000f2c                SysTick_Handler
 .text.clock_init
                0x0000000008000f5c       0x4c ./Core/Src/main.o
                0x0000000008000f5c                clock_init
 .text.processCommand
                0x0000000008000fa8      0x234 ./Core/Src/main.o
                0x0000000008000fa8                processCommand
 .text.print_start_message
                0x00000000080011dc       0x38 ./Core/Src/main.o
                0x00000000080011dc                print_start_message
 .text.startup.main
                0x0000000008001214      0x2d0 ./Core/Src/main.o
                0x0000000008001214                main
 .text.microsecond_clock_init
                0x00000000080014e4       0x4c ./Core/Src/microsecond_clock.o
                0x00000000080014e4                microsecond_clock_init
 .text.TIM3_IRQHandler
                0x0000000008001530       0x24 ./Core/Src/microsecond_clock.o
                0x0000000008001530                TIM3_IRQHandler
 .text.get_microsecond_time
                0x0000000008001554       0x78 ./Core/Src/microsecond_clock.o
                0x0000000008001554                get_microsecond_time
 .text.reset_microsecond_time
                0x00000000080015cc       0x14 ./Core/Src/microsecond_clock.o
                0x00000000080015cc                reset_microsecond_time
 .text.enable_mosfets
                0x00000000080015e0        0xc ./Core/Src/mosfets.o
                0x00000000080015e0                enable_mosfets
 .text.disable_mosfets
                0x00000000080015ec        0xc ./Core/Src/mosfets.o
                0x00000000080015ec                disable_mosfets
 .text.get_mosfets_enabled
                0x00000000080015f8        0x4 ./Core/Src/mosfets.o
                0x00000000080015f8                get_mosfets_enabled
 .text.start_calibration
                0x00000000080015fc       0xd8 ./Core/Src/motor_control.o
                0x00000000080015fc                start_calibration
 .text.start_go_to_closed_loop_mode
                0x00000000080016d4      0x14c ./Core/Src/motor_control.o
                0x00000000080016d4                start_go_to_closed_loop_mode
 .text.start_capture
                0x0000000008001820       0x38 ./Core/Src/motor_control.o
                0x0000000008001820                start_capture
 .text.print_position
                0x0000000008001858       0x34 ./Core/Src/motor_control.o
                0x0000000008001858                print_position
 .text.print_queue_stats
                0x000000000800188c       0x2c ./Core/Src/motor_control.o
                0x000000000800188c                print_queue_stats
 .text.print_current_movement
                0x00000000080018b8       0x80 ./Core/Src/motor_control.o
                0x00000000080018b8                print_current_movement
 .text.print_velocity
                0x0000000008001938       0x2c ./Core/Src/motor_control.o
                0x0000000008001938                print_velocity
 .text.print_time_difference
                0x0000000008001964      0x170 ./Core/Src/motor_control.o
                0x0000000008001964                print_time_difference
 .text.print_motor_current
                0x0000000008001ad4       0x28 ./Core/Src/motor_control.o
                0x0000000008001ad4                print_motor_current
 .text.add_to_queue
                0x0000000008001afc       0x4c ./Core/Src/motor_control.o
                0x0000000008001afc                add_to_queue
 .text.get_n_items_in_queue
                0x0000000008001b48        0xc ./Core/Src/motor_control.o
                0x0000000008001b48                get_n_items_in_queue
 .text.add_trapazoid_move_to_queue
                0x0000000008001b54       0xb4 ./Core/Src/motor_control.o
                0x0000000008001b54                add_trapazoid_move_to_queue
 .text.motor_movement_calculations
                0x0000000008001c08      0x244 ./Core/Src/motor_control.o
                0x0000000008001c08                motor_movement_calculations
 .text.motor_phase_calculations
                0x0000000008001e4c       0x78 ./Core/Src/motor_control.o
                0x0000000008001e4c                motor_phase_calculations
 .text.TIM1_BRK_UP_TRG_COM_IRQHandler
                0x0000000008001ec4      0x154 ./Core/Src/motor_control.o
                0x0000000008001ec4                TIM1_BRK_UP_TRG_COM_IRQHandler
 .text.increase_motor_pwm_voltage
                0x0000000008002018       0x44 ./Core/Src/motor_control.o
                0x0000000008002018                increase_motor_pwm_voltage
 .text.decrease_motor_pwm_voltage
                0x000000000800205c       0x44 ./Core/Src/motor_control.o
                0x000000000800205c                decrease_motor_pwm_voltage
 .text.set_motor_control_mode
                0x00000000080020a0        0xc ./Core/Src/motor_control.o
                0x00000000080020a0                set_motor_control_mode
 .text.get_motor_control_mode
                0x00000000080020ac        0xc ./Core/Src/motor_control.o
                0x00000000080020ac                get_motor_control_mode
 .text.get_update_frequency
                0x00000000080020b8        0x8 ./Core/Src/motor_control.o
                0x00000000080020b8                get_update_frequency
 .text.zero_position_and_hall_sensor
                0x00000000080020c0       0xa0 ./Core/Src/motor_control.o
                0x00000000080020c0                zero_position_and_hall_sensor
 .text.set_max_velocity
                0x0000000008002160        0xc ./Core/Src/motor_control.o
                0x0000000008002160                set_max_velocity
 .text.get_max_velocity
                0x000000000800216c        0xc ./Core/Src/motor_control.o
                0x000000000800216c                get_max_velocity
 .text.get_desired_position
                0x0000000008002178        0xc ./Core/Src/motor_control.o
                0x0000000008002178                get_desired_position
 .text.set_max_acceleration
                0x0000000008002184       0x18 ./Core/Src/motor_control.o
                0x0000000008002184                set_max_acceleration
 .text.reset_time
                0x000000000800219c       0x54 ./Core/Src/motor_control.o
                0x000000000800219c                reset_time
 .text.emergency_stop
                0x00000000080021f0       0x54 ./Core/Src/motor_control.o
                0x00000000080021f0                emergency_stop
 .text.get_actual_motor_position
                0x0000000008002244       0x38 ./Core/Src/motor_control.o
                0x0000000008002244                get_actual_motor_position
 .text.get_motor_status
                0x000000000800227c       0x48 ./Core/Src/motor_control.o
                0x000000000800227c                get_motor_status
 .text.step_and_direction_init
                0x00000000080022c4        0x4 ./Core/Src/step_direction_input.o
                0x00000000080022c4                step_and_direction_init
 .text.EXTI4_15_IRQHandler
                0x00000000080022c8       0x2c ./Core/Src/step_direction_input.o
                0x00000000080022c8                EXTI4_15_IRQHandler
 .text._sbrk    0x00000000080022f4       0x44 ./Core/Src/sysmem.o
                0x00000000080022f4                _sbrk
 .text.SystemInit
                0x0000000008002338       0x10 ./Core/Src/system_stm32g0xx.o
                0x0000000008002338                SystemInit
 .text.crc64.constprop.0
                0x0000000008002348      0x34c ./Core/Src/unique_id.o
 .text.crc64.constprop.1
                0x0000000008002694      0x384 ./Core/Src/unique_id.o
 .text.get_unique_id
                0x0000000008002a18        0xc ./Core/Src/unique_id.o
                0x0000000008002a18                get_unique_id
 .text.get_random_number
                0x0000000008002a24       0x18 ./Core/Src/unique_id.o
                0x0000000008002a24                get_random_number
 .text.Reset_Handler
                0x0000000008002a3c       0x50 ./Core/Startup/startup_stm32g030c8tx.o
                0x0000000008002a3c                Reset_Handler
 .text.Default_Handler
                0x0000000008002a8c        0x2 ./Core/Startup/startup_stm32g030c8tx.o
                0x0000000008002a8c                FLASH_IRQHandler
                0x0000000008002a8c                HardFault_Handler
                0x0000000008002a8c                PendSV_Handler
                0x0000000008002a8c                NMI_Handler
                0x0000000008002a8c                I2C1_IRQHandler
                0x0000000008002a8c                RTC_TAMP_IRQHandler
                0x0000000008002a8c                SPI1_IRQHandler
                0x0000000008002a8c                DMA1_Ch4_5_DMAMUX1_OVR_IRQHandler
                0x0000000008002a8c                EXTI2_3_IRQHandler
                0x0000000008002a8c                ADC1_IRQHandler
                0x0000000008002a8c                I2C2_IRQHandler
                0x0000000008002a8c                TIM17_IRQHandler
                0x0000000008002a8c                TIM16_IRQHandler
                0x0000000008002a8c                RCC_IRQHandler
                0x0000000008002a8c                DMA1_Channel1_IRQHandler
                0x0000000008002a8c                Default_Handler
                0x0000000008002a8c                TIM14_IRQHandler
                0x0000000008002a8c                EXTI0_1_IRQHandler
                0x0000000008002a8c                SPI2_IRQHandler
                0x0000000008002a8c                SVC_Handler
                0x0000000008002a8c                WWDG_IRQHandler
                0x0000000008002a8c                DMA1_Channel2_3_IRQHandler
                0x0000000008002a8c                TIM1_CC_IRQHandler
 *fill*         0x0000000008002a8e        0x2 
 .text.__errno  0x0000000008002a90        0xc /Users/tom/Documents/Move_the_Needle/Servo_Motor/servomotor_firmware_git/toolchain_stm32_macos/gcc-arm-none-eabi-10-2020-q4-major/bin/../lib/gcc/arm-none-eabi/10.2.1/../../../../arm-none-eabi/lib/thumb/v6-m/nofp/libc_nano.a(lib_a-errno.o)
                0x0000000008002a90                __errno
 .text.__libc_init_array
                0x0000000008002a9c       0x48 /Users/tom/Documents/Move_the_Needle/Servo_Motor/servomotor_firmware_git/toolchain_stm32_macos/gcc-arm-none-eabi-10-2020-q4-major/bin/../lib/gcc/arm-none-eabi/10.2.1/../../../../arm-none-eabi/lib/thumb/v6-m/nofp/libc_nano.a(lib_a-init.o)
                0x0000000008002a9c                __libc_init_array
 .text.memcpy   0x0000000008002ae4       0x12 /Users/tom/Documents/Move_the_Needle/Servo_Motor/servomotor_firmware_git/toolchain_stm32_macos/gcc-arm-none-eabi-10-2020-q4-major/bin/../lib/gcc/arm-none-eabi/10.2.1/../../../../arm-none-eabi/lib/thumb/v6-m/nofp/libc_nano.a(lib_a-memcpy-stub.o)
                0x0000000008002ae4                memcpy
 .text.memset   0x0000000008002af6       0x10 /Users/tom/Documents/Move_the_Needle/Servo_Motor/servomotor_firmware_git/toolchain_stm32_macos/gcc-arm-none-eabi-10-2020-q4-major/bin/../lib/gcc/arm-none-eabi/10.2.1/../../../../arm-none-eabi/lib/thumb/v6-m/nofp/libc_nano.a(lib_a-memset.o)
                0x0000000008002af6                memset
 *fill*         0x0000000008002b06        0x2 
 .text.sprintf  0x0000000008002b08       0x40 /Users/tom/Documents/Move_the_Needle/Servo_Motor/servomotor_firmware_git/toolchain_stm32_macos/gcc-arm-none-eabi-10-2020-q4-major/bin/../lib/gcc/arm-none-eabi/10.2.1/../../../../arm-none-eabi/lib/thumb/v6-m/nofp/libc_nano.a(lib_a-sprintf.o)
                0x0000000008002b08                sprintf
                0x0000000008002b08                siprintf
 .text.__ssputs_r
                0x0000000008002b48       0xc4 /Users/tom/Documents/Move_the_Needle/Servo_Motor/servomotor_firmware_git/toolchain_stm32_macos/gcc-arm-none-eabi-10-2020-q4-major/bin/../lib/gcc/arm-none-eabi/10.2.1/../../../../arm-none-eabi/lib/thumb/v6-m/nofp/libc_nano.a(lib_a-nano-svfprintf.o)
                0x0000000008002b48                __ssputs_r
 .text._svfprintf_r
                0x0000000008002c0c      0x200 /Users/tom/Documents/Move_the_Needle/Servo_Motor/servomotor_firmware_git/toolchain_stm32_macos/gcc-arm-none-eabi-10-2020-q4-major/bin/../lib/gcc/arm-none-eabi/10.2.1/../../../../arm-none-eabi/lib/thumb/v6-m/nofp/libc_nano.a(lib_a-nano-svfprintf.o)
                0x0000000008002c0c                _svfprintf_r
                0x0000000008002c0c                _svfiprintf_r
 .text._printf_common
                0x0000000008002e0c       0xde /Users/tom/Documents/Move_the_Needle/Servo_Motor/servomotor_firmware_git/toolchain_stm32_macos/gcc-arm-none-eabi-10-2020-q4-major/bin/../lib/gcc/arm-none-eabi/10.2.1/../../../../arm-none-eabi/lib/thumb/v6-m/nofp/libc_nano.a(lib_a-nano-vfprintf_i.o)
                0x0000000008002e0c                _printf_common
 *fill*         0x0000000008002eea        0x2 
 .text._printf_i
                0x0000000008002eec      0x224 /Users/tom/Documents/Move_the_Needle/Servo_Motor/servomotor_firmware_git/toolchain_stm32_macos/gcc-arm-none-eabi-10-2020-q4-major/bin/../lib/gcc/arm-none-eabi/10.2.1/../../../../arm-none-eabi/lib/thumb/v6-m/nofp/libc_nano.a(lib_a-nano-vfprintf_i.o)
                0x0000000008002eec                _printf_i
 .text.memchr   0x0000000008003110       0x16 /Users/tom/Documents/Move_the_Needle/Servo_Motor/servomotor_firmware_git/toolchain_stm32_macos/gcc-arm-none-eabi-10-2020-q4-major/bin/../lib/gcc/arm-none-eabi/10.2.1/../../../../arm-none-eabi/lib/thumb/v6-m/nofp/libc_nano.a(lib_a-memchr-stub.o)
                0x0000000008003110                memchr
 .text.memmove  0x0000000008003126       0x26 /Users/tom/Documents/Move_the_Needle/Servo_Motor/servomotor_firmware_git/toolchain_stm32_macos/gcc-arm-none-eabi-10-2020-q4-major/bin/../lib/gcc/arm-none-eabi/10.2.1/../../../../arm-none-eabi/lib/thumb/v6-m/nofp/libc_nano.a(lib_a-memmove.o)
                0x0000000008003126                memmove
 .text._free_r  0x000000000800314c       0x94 /Users/tom/Documents/Move_the_Needle/Servo_Motor/servomotor_firmware_git/toolchain_stm32_macos/gcc-arm-none-eabi-10-2020-q4-major/bin/../lib/gcc/arm-none-eabi/10.2.1/../../../../arm-none-eabi/lib/thumb/v6-m/nofp/libc_nano.a(lib_a-nano-freer.o)
                0x000000000800314c                _free_r
 .text._malloc_r
                0x00000000080031e0       0xbc /Users/tom/Documents/Move_the_Needle/Servo_Motor/servomotor_firmware_git/toolchain_stm32_macos/gcc-arm-none-eabi-10-2020-q4-major/bin/../lib/gcc/arm-none-eabi/10.2.1/../../../../arm-none-eabi/lib/thumb/v6-m/nofp/libc_nano.a(lib_a-nano-mallocr.o)
                0x00000000080031e0                _malloc_r
 .text._realloc_r
                0x000000000800329c       0x4c /Users/tom/Documents/Move_the_Needle/Servo_Motor/servomotor_firmware_git/toolchain_stm32_macos/gcc-arm-none-eabi-10-2020-q4-major/bin/../lib/gcc/arm-none-eabi/10.2.1/../../../../arm-none-eabi/lib/thumb/v6-m/nofp/libc_nano.a(lib_a-nano-reallocr.o)
                0x000000000800329c                _realloc_r
 .text._sbrk_r  0x00000000080032e8       0x24 /Users/tom/Documents/Move_the_Needle/Servo_Motor/servomotor_firmware_git/toolchain_stm32_macos/gcc-arm-none-eabi-10-2020-q4-major/bin/../lib/gcc/arm-none-eabi/10.2.1/../../../../arm-none-eabi/lib/thumb/v6-m/nofp/libc_nano.a(lib_a-sbrkr.o)
                0x00000000080032e8                _sbrk_r
 .text.__malloc_lock
                0x000000000800330c       0x10 /Users/tom/Documents/Move_the_Needle/Servo_Motor/servomotor_firmware_git/toolchain_stm32_macos/gcc-arm-none-eabi-10-2020-q4-major/bin/../lib/gcc/arm-none-eabi/10.2.1/../../../../arm-none-eabi/lib/thumb/v6-m/nofp/libc_nano.a(lib_a-mlock.o)
                0x000000000800330c                __malloc_lock
 .text.__malloc_unlock
                0x000000000800331c       0x10 /Users/tom/Documents/Move_the_Needle/Servo_Motor/servomotor_firmware_git/toolchain_stm32_macos/gcc-arm-none-eabi-10-2020-q4-major/bin/../lib/gcc/arm-none-eabi/10.2.1/../../../../arm-none-eabi/lib/thumb/v6-m/nofp/libc_nano.a(lib_a-mlock.o)
                0x000000000800331c                __malloc_unlock
 .text._malloc_usable_size_r
                0x000000000800332c       0x10 /Users/tom/Documents/Move_the_Needle/Servo_Motor/servomotor_firmware_git/toolchain_stm32_macos/gcc-arm-none-eabi-10-2020-q4-major/bin/../lib/gcc/arm-none-eabi/10.2.1/../../../../arm-none-eabi/lib/thumb/v6-m/nofp/libc_nano.a(lib_a-nano-msizer.o)
                0x000000000800332c                _malloc_usable_size_r
 .text.__retarget_lock_acquire_recursive
                0x000000000800333c        0x2 /Users/tom/Documents/Move_the_Needle/Servo_Motor/servomotor_firmware_git/toolchain_stm32_macos/gcc-arm-none-eabi-10-2020-q4-major/bin/../lib/gcc/arm-none-eabi/10.2.1/../../../../arm-none-eabi/lib/thumb/v6-m/nofp/libc_nano.a(lib_a-lock.o)
                0x000000000800333c                __retarget_lock_acquire_recursive
 .text.__retarget_lock_release_recursive
                0x000000000800333e        0x2 /Users/tom/Documents/Move_the_Needle/Servo_Motor/servomotor_firmware_git/toolchain_stm32_macos/gcc-arm-none-eabi-10-2020-q4-major/bin/../lib/gcc/arm-none-eabi/10.2.1/../../../../arm-none-eabi/lib/thumb/v6-m/nofp/libc_nano.a(lib_a-lock.o)
                0x000000000800333e                __retarget_lock_release_recursive
 *(.glue_7)
 .glue_7        0x0000000008003340        0x0 linker stubs
 *(.glue_7t)
 .glue_7t       0x0000000008003340        0x0 linker stubs
 *(.eh_frame)
 .eh_frame      0x0000000008003340        0x0 /Users/tom/Documents/Move_the_Needle/Servo_Motor/servomotor_firmware_git/toolchain_stm32_macos/gcc-arm-none-eabi-10-2020-q4-major/bin/../lib/gcc/arm-none-eabi/10.2.1/thumb/v6-m/nofp/crtbegin.o
 *(.init)
 .init          0x0000000008003340        0x4 /Users/tom/Documents/Move_the_Needle/Servo_Motor/servomotor_firmware_git/toolchain_stm32_macos/gcc-arm-none-eabi-10-2020-q4-major/bin/../lib/gcc/arm-none-eabi/10.2.1/thumb/v6-m/nofp/crti.o
                0x0000000008003340                _init
 .init          0x0000000008003344        0x8 /Users/tom/Documents/Move_the_Needle/Servo_Motor/servomotor_firmware_git/toolchain_stm32_macos/gcc-arm-none-eabi-10-2020-q4-major/bin/../lib/gcc/arm-none-eabi/10.2.1/thumb/v6-m/nofp/crtn.o
 *(.fini)
 .fini          0x000000000800334c        0x4 /Users/tom/Documents/Move_the_Needle/Servo_Motor/servomotor_firmware_git/toolchain_stm32_macos/gcc-arm-none-eabi-10-2020-q4-major/bin/../lib/gcc/arm-none-eabi/10.2.1/thumb/v6-m/nofp/crti.o
                0x000000000800334c                _fini
 .fini          0x0000000008003350        0x8 /Users/tom/Documents/Move_the_Needle/Servo_Motor/servomotor_firmware_git/toolchain_stm32_macos/gcc-arm-none-eabi-10-2020-q4-major/bin/../lib/gcc/arm-none-eabi/10.2.1/thumb/v6-m/nofp/crtn.o
                0x0000000008003358                . = ALIGN (0x4)
                0x0000000008003358                _etext = .

.vfp11_veneer   0x0000000008003358        0x0
 .vfp11_veneer  0x0000000008003358        0x0 linker stubs

.v4_bx          0x0000000008003358        0x0
 .v4_bx         0x0000000008003358        0x0 linker stubs

.iplt           0x0000000008003358        0x0
 .iplt          0x0000000008003358        0x0 /Users/tom/Documents/Move_the_Needle/Servo_Motor/servomotor_firmware_git/toolchain_stm32_macos/gcc-arm-none-eabi-10-2020-q4-major/bin/../lib/gcc/arm-none-eabi/10.2.1/thumb/v6-m/nofp/crtbegin.o

.rodata         0x0000000008003358     0x2838
                0x0000000008003358                . = ALIGN (0x4)
 *(.rodata)
 .rodata        0x0000000008003358        0x4 ./Core/Src/main.o
 *(.rodata*)
 .rodata.fatal_error.str1.4
                0x000000000800335c        0x0 ./Core/Src/error_handling.o
                                          0x7 (size before relaxing)
 .rodata.print_hall_position.str1.4
                0x000000000800335c       0x2e ./Core/Src/hall_sensor_calculations.o
 *fill*         0x000000000800338a        0x2 
 .rodata.processCommand.str1.4
                0x000000000800338c       0x13 ./Core/Src/main.o
 *fill*         0x000000000800339f        0x1 
 .rodata.processCommand
                0x00000000080033a0       0xb8 ./Core/Src/main.o
 .rodata.transmit_unique_id.str1.4
                0x0000000008003458        0x4 ./Core/Src/main.o
 .rodata.process_debug_uart_commands.str1.4
                0x000000000800345c       0x83 ./Core/Src/main.o
 *fill*         0x00000000080034df        0x1 
 .rodata.button_logic.str1.4
                0x00000000080034e0       0x14 ./Core/Src/main.o
 .rodata.print_start_message.str1.4
                0x00000000080034f4       0x25 ./Core/Src/main.o
 .rodata.main.str1.4
                0x0000000008003519       0x25 ./Core/Src/main.o
                                          0x7 (size before relaxing)
 *fill*         0x0000000008003519        0x3 
 .rodata.main   0x000000000800351c       0xd8 ./Core/Src/main.o
 .rodata.get_microsecond_time.str1.4
                0x00000000080035f4       0x18 ./Core/Src/microsecond_clock.o
 .rodata.start_calibration.str1.4
                0x000000000800360c       0x4b ./Core/Src/motor_control.o
 *fill*         0x0000000008003657        0x1 
 .rodata.start_go_to_closed_loop_mode.str1.4
                0x0000000008003658       0x1e ./Core/Src/motor_control.o
 *fill*         0x0000000008003676        0x2 
 .rodata.start_capture.str1.4
                0x0000000008003678        0xf ./Core/Src/motor_control.o
 *fill*         0x0000000008003687        0x1 
 .rodata.print_position.str1.4
                0x0000000008003688       0x2a ./Core/Src/motor_control.o
 *fill*         0x00000000080036b2        0x2 
 .rodata.print_queue_stats.str1.4
                0x00000000080036b4       0x16 ./Core/Src/motor_control.o
 *fill*         0x00000000080036ca        0x2 
 .rodata.print_current_movement.str1.4
                0x00000000080036cc       0xaf ./Core/Src/motor_control.o
 *fill*         0x000000000800377b        0x1 
 .rodata.print_velocity.str1.4
                0x000000000800377c        0xf ./Core/Src/motor_control.o
 *fill*         0x000000000800378b        0x1 
 .rodata.print_time_difference.str1.4
                0x000000000800378c      0x1e7 ./Core/Src/motor_control.o
 *fill*         0x0000000008003973        0x1 
 .rodata.print_motor_current.str1.4
                0x0000000008003974        0x5 ./Core/Src/motor_control.o
 *fill*         0x0000000008003979        0x3 
 .rodata.increase_motor_pwm_voltage.str1.4
                0x000000000800397c       0x1f ./Core/Src/motor_control.o
 *fill*         0x000000000800399b        0x1 
 .rodata.commutation_lookup_table
                0x000000000800399c     0x21c0 ./Core/Src/motor_control.o
                0x000000000800399c                commutation_lookup_table
 .rodata._svfprintf_r.str1.1
                0x0000000008005b5c       0x11 /Users/tom/Documents/Move_the_Needle/Servo_Motor/servomotor_firmware_git/toolchain_stm32_macos/gcc-arm-none-eabi-10-2020-q4-major/bin/../lib/gcc/arm-none-eabi/10.2.1/../../../../arm-none-eabi/lib/thumb/v6-m/nofp/libc_nano.a(lib_a-nano-svfprintf.o)
 .rodata._printf_i.str1.1
                0x0000000008005b6d       0x22 /Users/tom/Documents/Move_the_Needle/Servo_Motor/servomotor_firmware_git/toolchain_stm32_macos/gcc-arm-none-eabi-10-2020-q4-major/bin/../lib/gcc/arm-none-eabi/10.2.1/../../../../arm-none-eabi/lib/thumb/v6-m/nofp/libc_nano.a(lib_a-nano-vfprintf_i.o)
                0x0000000008005b90                . = ALIGN (0x4)
 *fill*         0x0000000008005b8f        0x1 

.rel.dyn        0x0000000008005b90        0x0
 .rel.iplt      0x0000000008005b90        0x0 /Users/tom/Documents/Move_the_Needle/Servo_Motor/servomotor_firmware_git/toolchain_stm32_macos/gcc-arm-none-eabi-10-2020-q4-major/bin/../lib/gcc/arm-none-eabi/10.2.1/thumb/v6-m/nofp/crtbegin.o

.ARM.extab      0x0000000008005b90        0x0
                0x0000000008005b90                . = ALIGN (0x4)
 *(.ARM.extab* .gnu.linkonce.armextab.*)
                0x0000000008005b90                . = ALIGN (0x4)

.ARM            0x0000000008005b90        0x0
                0x0000000008005b90                . = ALIGN (0x4)
                0x0000000008005b90                __exidx_start = .
 *(.ARM.exidx*)
                0x0000000008005b90                __exidx_end = .
                0x0000000008005b90                . = ALIGN (0x4)

.preinit_array  0x0000000008005b90        0x0
                0x0000000008005b90                . = ALIGN (0x4)
                0x0000000008005b90                PROVIDE (__preinit_array_start = .)
 *(.preinit_array*)
                0x0000000008005b90                PROVIDE (__preinit_array_end = .)
                0x0000000008005b90                . = ALIGN (0x4)

.init_array     0x0000000008005b90        0x4
                0x0000000008005b90                . = ALIGN (0x4)
                0x0000000008005b90                PROVIDE (__init_array_start = .)
 *(SORT_BY_NAME(.init_array.*))
 *(.init_array*)
 .init_array    0x0000000008005b90        0x4 /Users/tom/Documents/Move_the_Needle/Servo_Motor/servomotor_firmware_git/toolchain_stm32_macos/gcc-arm-none-eabi-10-2020-q4-major/bin/../lib/gcc/arm-none-eabi/10.2.1/thumb/v6-m/nofp/crtbegin.o
                0x0000000008005b94                PROVIDE (__init_array_end = .)
                0x0000000008005b94                . = ALIGN (0x4)

.fini_array     0x0000000008005b94        0x4
                0x0000000008005b94                . = ALIGN (0x4)
                [!provide]                        PROVIDE (__fini_array_start = .)
 *(SORT_BY_NAME(.fini_array.*))
 *(.fini_array*)
 .fini_array    0x0000000008005b94        0x4 /Users/tom/Documents/Move_the_Needle/Servo_Motor/servomotor_firmware_git/toolchain_stm32_macos/gcc-arm-none-eabi-10-2020-q4-major/bin/../lib/gcc/arm-none-eabi/10.2.1/thumb/v6-m/nofp/crtbegin.o
                [!provide]                        PROVIDE (__fini_array_end = .)
                0x0000000008005b98                . = ALIGN (0x4)
                0x0000000008005b98                _sidata = LOADADDR (.data)

.data           0x0000000020000000       0x90 load address 0x0000000008005b98
                0x0000000020000000                . = ALIGN (0x4)
                0x0000000020000000                _sdata = .
 *(.data)
 *(.data*)
 .data.my_alias
                0x0000000020000000        0x1 ./Core/Src/RS485.o
                0x0000000020000000                my_alias
 *fill*         0x0000000020000001        0x3 
 .data.integral_term.0
                0x0000000020000004        0x4 ./Core/Src/clock_calibration.o
 .data.leading_zero.1
                0x0000000020000008        0x1 ./Core/Src/debug_uart.o
 .data.previous_largest_sensor
                0x0000000020000009        0x1 ./Core/Src/hall_sensor_calculations.o
 .data.detect_devices_delay
                0x000000002000000a        0x2 ./Core/Src/main.o
 .data.product_info
                0x000000002000000c       0x17 ./Core/Src/main.o
                0x000000002000000c                product_info
 *fill*         0x0000000020000023        0x1 
 .data.commutation_position_offset
                0x0000000020000024        0x4 ./Core/Src/motor_control.o
 .data.max_velocity
                0x0000000020000028        0x4 ./Core/Src/motor_control.o
 .data._impure_ptr
                0x000000002000002c        0x4 /Users/tom/Documents/Move_the_Needle/Servo_Motor/servomotor_firmware_git/toolchain_stm32_macos/gcc-arm-none-eabi-10-2020-q4-major/bin/../lib/gcc/arm-none-eabi/10.2.1/../../../../arm-none-eabi/lib/thumb/v6-m/nofp/libc_nano.a(lib_a-impure.o)
                0x000000002000002c                _impure_ptr
 .data.impure_data
                0x0000000020000030       0x60 /Users/tom/Documents/Move_the_Needle/Servo_Motor/servomotor_firmware_git/toolchain_stm32_macos/gcc-arm-none-eabi-10-2020-q4-major/bin/../lib/gcc/arm-none-eabi/10.2.1/../../../../arm-none-eabi/lib/thumb/v6-m/nofp/libc_nano.a(lib_a-impure.o)
 *(.RamFunc)
 *(.RamFunc*)
                0x0000000020000090                . = ALIGN (0x4)
                0x0000000020000090                _edata = .

.igot.plt       0x0000000020000090        0x0 load address 0x0000000008005c28
 .igot.plt      0x0000000020000090        0x0 /Users/tom/Documents/Move_the_Needle/Servo_Motor/servomotor_firmware_git/toolchain_stm32_macos/gcc-arm-none-eabi-10-2020-q4-major/bin/../lib/gcc/arm-none-eabi/10.2.1/thumb/v6-m/nofp/crtbegin.o
                0x0000000020000090                . = ALIGN (0x4)

.bss            0x0000000020000090      0x410 load address 0x0000000008005c28
                0x0000000020000090                _sbss = .
                0x0000000020000090                __bss_start__ = _sbss
 *(.bss)
 .bss           0x0000000020000090       0x1c /Users/tom/Documents/Move_the_Needle/Servo_Motor/servomotor_firmware_git/toolchain_stm32_macos/gcc-arm-none-eabi-10-2020-q4-major/bin/../lib/gcc/arm-none-eabi/10.2.1/thumb/v6-m/nofp/crtbegin.o
 *(.bss*)
 .bss.ADC_buffer
                0x00000000200000ac       0x40 ./Core/Src/ADC.o
                0x00000000200000ac                ADC_buffer
 .bss.USART2_timout_timer
                0x00000000200000ec        0x4 ./Core/Src/RS485.o
                0x00000000200000ec                USART2_timout_timer
 .bss.command   0x00000000200000f0        0x1 ./Core/Src/RS485.o
                0x00000000200000f0                command
 .bss.commandReceived
                0x00000000200000f1        0x1 ./Core/Src/RS485.o
                0x00000000200000f1                commandReceived
 .bss.receiveIndex
                0x00000000200000f2        0x1 ./Core/Src/RS485.o
 .bss.selectedAxis
                0x00000000200000f3        0x1 ./Core/Src/RS485.o
                0x00000000200000f3                selectedAxis
 .bss.transmitBuffer
                0x00000000200000f4       0x96 ./Core/Src/RS485.o
 .bss.transmitCount
                0x000000002000018a        0x1 ./Core/Src/RS485.o
 .bss.transmitIndex
                0x000000002000018b        0x1 ./Core/Src/RS485.o
 .bss.valueBuffer
                0x000000002000018c        0x8 ./Core/Src/RS485.o
                0x000000002000018c                valueBuffer
 .bss.valueLength
                0x0000000020000194        0x1 ./Core/Src/RS485.o
 .bss.command_uart1
                0x0000000020000195        0x1 ./Core/Src/debug_uart.o
 .bss.i.2       0x0000000020000196        0x1 ./Core/Src/debug_uart.o
 *fill*         0x0000000020000197        0x1 
 .bss.message.0
                0x0000000020000198       0x64 ./Core/Src/debug_uart.o
 .bss.transmitBuffer
                0x00000000200001fc       0x96 ./Core/Src/debug_uart.o
 .bss.transmitCount
                0x0000000020000292        0x1 ./Core/Src/debug_uart.o
 .bss.transmitIndex
                0x0000000020000293        0x1 ./Core/Src/debug_uart.o
 .bss.hall_sensor_offset
                0x0000000020000294        0x4 ./Core/Src/hall_sensor_calculations.o
 .bss.sensor_incremental_position
                0x0000000020000298        0x4 ./Core/Src/hall_sensor_calculations.o
 .bss.time_difference_div
                0x000000002000029c        0x2 ./Core/Src/hall_sensor_calculations.o
 *fill*         0x000000002000029e        0x2 
 .bss.my_unique_id
                0x00000000200002a0        0x8 ./Core/Src/main.o
 .bss.press_flag.1
                0x00000000200002a8        0x1 ./Core/Src/main.o
 *fill*         0x00000000200002a9        0x7 
 .bss.press_start_time.0
                0x00000000200002b0        0x8 ./Core/Src/main.o
 .bss.toggle_counter.2
                0x00000000200002b8        0x2 ./Core/Src/main.o
 *fill*         0x00000000200002ba        0x6 
 .bss.previous_64bit_time.0
                0x00000000200002c0        0x8 ./Core/Src/microsecond_clock.o
 .bss.upper_32_bits
                0x00000000200002c8        0x4 ./Core/Src/microsecond_clock.o
 .bss.calibration
                0x00000000200002cc       0x18 ./Core/Src/motor_control.o
                0x00000000200002cc                calibration
 .bss.capture   0x00000000200002e4        0x8 ./Core/Src/motor_control.o
                0x00000000200002e4                capture
 .bss.commutation_position
                0x00000000200002ec        0x4 ./Core/Src/motor_control.o
 .bss.count.15  0x00000000200002f0        0x2 ./Core/Src/motor_control.o
 *fill*         0x00000000200002f2        0x6 
 .bss.current_position_i64
                0x00000000200002f8        0x8 ./Core/Src/motor_control.o
 .bss.current_time_captured
                0x0000000020000300        0x8 ./Core/Src/motor_control.o
 .bss.current_velocity_i64
                0x0000000020000308        0x8 ./Core/Src/motor_control.o
 .bss.desired_motor_pwm_voltage
                0x0000000020000310        0x4 ./Core/Src/motor_control.o
 .bss.desired_position
                0x0000000020000314        0x4 ./Core/Src/motor_control.o
 .bss.go_to_closed_loop_mode_active
                0x0000000020000318        0x1 ./Core/Src/motor_control.o
 *fill*         0x0000000020000319        0x3 
 .bss.hall_position
                0x000000002000031c        0x4 ./Core/Src/motor_control.o
 .bss.homing    0x0000000020000320       0x14 ./Core/Src/motor_control.o
                0x0000000020000320                homing
 .bss.integral_term.12
                0x0000000020000334        0x4 ./Core/Src/motor_control.o
 .bss.low_pass_filtered_error_change.10
                0x0000000020000338        0x4 ./Core/Src/motor_control.o
 .bss.max_motor_control_tick_time_difference
                0x000000002000033c        0x2 ./Core/Src/motor_control.o
 .bss.max_motor_control_time_difference
                0x000000002000033e        0x2 ./Core/Src/motor_control.o
 .bss.max_time_difference1
                0x0000000020000340        0x2 ./Core/Src/motor_control.o
 .bss.max_time_difference2
                0x0000000020000342        0x2 ./Core/Src/motor_control.o
 .bss.max_time_difference3
                0x0000000020000344        0x2 ./Core/Src/motor_control.o
 .bss.max_time_difference4
                0x0000000020000346        0x2 ./Core/Src/motor_control.o
 .bss.max_time_difference5
                0x0000000020000348        0x2 ./Core/Src/motor_control.o
 .bss.motor_control_mode
                0x000000002000034a        0x1 ./Core/Src/motor_control.o
 *fill*         0x000000002000034b        0x1 
 .bss.motor_control_tick_time_difference
                0x000000002000034c        0x2 ./Core/Src/motor_control.o
 .bss.motor_control_time_difference
                0x000000002000034e        0x2 ./Core/Src/motor_control.o
 .bss.motor_pwm_voltage
                0x0000000020000350        0x4 ./Core/Src/motor_control.o
 .bss.movement_end_position
                0x0000000020000354        0x4 ./Core/Src/motor_control.o
 .bss.movement_end_time
                0x0000000020000358        0x8 ./Core/Src/motor_control.o
 .bss.movement_end_time_captured
                0x0000000020000360        0x8 ./Core/Src/motor_control.o
 .bss.movement_queue
                0x0000000020000368      0x100 ./Core/Src/motor_control.o
 .bss.n_items_in_queue
                0x0000000020000468        0x1 ./Core/Src/motor_control.o
 *fill*         0x0000000020000469        0x3 
 .bss.previous_error.11
                0x000000002000046c        0x4 ./Core/Src/motor_control.o
 .bss.previous_hall_position.14
                0x0000000020000470        0x4 ./Core/Src/motor_control.o
 .bss.previous_motor_control_tick_time.0
                0x0000000020000474        0x2 ./Core/Src/motor_control.o
 .bss.previous_time.13
                0x0000000020000476        0x2 ./Core/Src/motor_control.o
 .bss.queue_read_position
                0x0000000020000478        0x1 ./Core/Src/motor_control.o
 .bss.queue_write_position
                0x0000000020000479        0x1 ./Core/Src/motor_control.o
 .bss.time_difference1
                0x000000002000047a        0x2 ./Core/Src/motor_control.o
 .bss.time_difference2
                0x000000002000047c        0x2 ./Core/Src/motor_control.o
 .bss.time_difference3
                0x000000002000047e        0x2 ./Core/Src/motor_control.o
 .bss.time_difference4
                0x0000000020000480        0x2 ./Core/Src/motor_control.o
 *fill*         0x0000000020000482        0x2 
 .bss.velocity  0x0000000020000484        0x4 ./Core/Src/motor_control.o
 .bss.step_count
                0x0000000020000488        0x4 ./Core/Src/step_direction_input.o
 .bss.__sbrk_heap_end
                0x000000002000048c        0x4 ./Core/Src/sysmem.o
 .bss.__malloc_free_list
                0x0000000020000490        0x4 /Users/tom/Documents/Move_the_Needle/Servo_Motor/servomotor_firmware_git/toolchain_stm32_macos/gcc-arm-none-eabi-10-2020-q4-major/bin/../lib/gcc/arm-none-eabi/10.2.1/../../../../arm-none-eabi/lib/thumb/v6-m/nofp/libc_nano.a(lib_a-nano-mallocr.o)
                0x0000000020000490                __malloc_free_list
 .bss.__malloc_sbrk_start
                0x0000000020000494        0x4 /Users/tom/Documents/Move_the_Needle/Servo_Motor/servomotor_firmware_git/toolchain_stm32_macos/gcc-arm-none-eabi-10-2020-q4-major/bin/../lib/gcc/arm-none-eabi/10.2.1/../../../../arm-none-eabi/lib/thumb/v6-m/nofp/libc_nano.a(lib_a-nano-mallocr.o)
                0x0000000020000494                __malloc_sbrk_start
 .bss.errno     0x0000000020000498        0x4 /Users/tom/Documents/Move_the_Needle/Servo_Motor/servomotor_firmware_git/toolchain_stm32_macos/gcc-arm-none-eabi-10-2020-q4-major/bin/../lib/gcc/arm-none-eabi/10.2.1/../../../../arm-none-eabi/lib/thumb/v6-m/nofp/libc_nano.a(lib_a-reent.o)
                0x0000000020000498                errno
 .bss.__lock___malloc_recursive_mutex
                0x000000002000049c        0x1 /Users/tom/Documents/Move_the_Needle/Servo_Motor/servomotor_firmware_git/toolchain_stm32_macos/gcc-arm-none-eabi-10-2020-q4-major/bin/../lib/gcc/arm-none-eabi/10.2.1/../../../../arm-none-eabi/lib/thumb/v6-m/nofp/libc_nano.a(lib_a-lock.o)
                0x000000002000049c                __lock___malloc_recursive_mutex
 *(COMMON)
                0x00000000200004a0                . = ALIGN (0x4)
 *fill*         0x000000002000049d        0x3 
                0x00000000200004a0                _ebss = .
                0x00000000200004a0                __bss_end__ = _ebss

._user_heap_stack
                0x00000000200004a0      0x600 load address 0x0000000008005c28
                0x00000000200004a0                . = ALIGN (0x8)
                [!provide]                        PROVIDE (end = .)
                0x00000000200004a0                PROVIDE (_end = .)
                0x00000000200006a0                . = (. + _Min_Heap_Size)
 *fill*         0x00000000200004a0      0x200 
                0x0000000020000aa0                . = (. + _Min_Stack_Size)
 *fill*         0x00000000200006a0      0x400 
                0x0000000020000aa0                . = ALIGN (0x8)

/DISCARD/
 libc.a(*)
 libm.a(*)
 libgcc.a(*)

.ARM.attributes
                0x0000000000000000       0x28
 *(.ARM.attributes)
 .ARM.attributes
                0x0000000000000000       0x1e /Users/tom/Documents/Move_the_Needle/Servo_Motor/servomotor_firmware_git/toolchain_stm32_macos/gcc-arm-none-eabi-10-2020-q4-major/bin/../lib/gcc/arm-none-eabi/10.2.1/thumb/v6-m/nofp/crti.o
 .ARM.attributes
                0x000000000000001e       0x2c /Users/tom/Documents/Move_the_Needle/Servo_Motor/servomotor_firmware_git/toolchain_stm32_macos/gcc-arm-none-eabi-10-2020-q4-major/bin/../lib/gcc/arm-none-eabi/10.2.1/thumb/v6-m/nofp/crtbegin.o
 .ARM.attributes
                0x000000000000004a       0x2c ./Core/Src/ADC.o
 .ARM.attributes
                0x0000000000000076       0x2c ./Core/Src/PWM.o
 .ARM.attributes
                0x00000000000000a2       0x2c ./Core/Src/RS485.o
 .ARM.attributes
                0x00000000000000ce       0x2c ./Core/Src/clock_calibration.o
 .ARM.attributes
                0x00000000000000fa       0x2c ./Core/Src/debug_uart.o
 .ARM.attributes
                0x0000000000000126       0x2c ./Core/Src/error_handling.o
 .ARM.attributes
                0x0000000000000152       0x2c ./Core/Src/hall_sensor_calculations.o
 .ARM.attributes
                0x000000000000017e       0x2c ./Core/Src/leds.o
 .ARM.attributes
                0x00000000000001aa       0x2c ./Core/Src/main.o
 .ARM.attributes
                0x00000000000001d6       0x2c ./Core/Src/microsecond_clock.o
 .ARM.attributes
                0x0000000000000202       0x2c ./Core/Src/mosfets.o
 .ARM.attributes
                0x000000000000022e       0x2c ./Core/Src/motor_control.o
 .ARM.attributes
                0x000000000000025a       0x2c ./Core/Src/step_direction_input.o
 .ARM.attributes
                0x0000000000000286       0x2c ./Core/Src/sysmem.o
 .ARM.attributes
                0x00000000000002b2       0x2c ./Core/Src/system_stm32g0xx.o
 .ARM.attributes
                0x00000000000002de       0x2c ./Core/Src/unique_id.o
 .ARM.attributes
                0x000000000000030a       0x22 ./Core/Startup/startup_stm32g030c8tx.o
 .ARM.attributes
                0x000000000000032c       0x2c /Users/tom/Documents/Move_the_Needle/Servo_Motor/servomotor_firmware_git/toolchain_stm32_macos/gcc-arm-none-eabi-10-2020-q4-major/bin/../lib/gcc/arm-none-eabi/10.2.1/../../../../arm-none-eabi/lib/thumb/v6-m/nofp/libc_nano.a(lib_a-errno.o)
 .ARM.attributes
                0x0000000000000358       0x2c /Users/tom/Documents/Move_the_Needle/Servo_Motor/servomotor_firmware_git/toolchain_stm32_macos/gcc-arm-none-eabi-10-2020-q4-major/bin/../lib/gcc/arm-none-eabi/10.2.1/../../../../arm-none-eabi/lib/thumb/v6-m/nofp/libc_nano.a(lib_a-impure.o)
 .ARM.attributes
                0x0000000000000384       0x2c /Users/tom/Documents/Move_the_Needle/Servo_Motor/servomotor_firmware_git/toolchain_stm32_macos/gcc-arm-none-eabi-10-2020-q4-major/bin/../lib/gcc/arm-none-eabi/10.2.1/../../../../arm-none-eabi/lib/thumb/v6-m/nofp/libc_nano.a(lib_a-init.o)
 .ARM.attributes
                0x00000000000003b0       0x2c /Users/tom/Documents/Move_the_Needle/Servo_Motor/servomotor_firmware_git/toolchain_stm32_macos/gcc-arm-none-eabi-10-2020-q4-major/bin/../lib/gcc/arm-none-eabi/10.2.1/../../../../arm-none-eabi/lib/thumb/v6-m/nofp/libc_nano.a(lib_a-memcpy-stub.o)
 .ARM.attributes
                0x00000000000003dc       0x2c /Users/tom/Documents/Move_the_Needle/Servo_Motor/servomotor_firmware_git/toolchain_stm32_macos/gcc-arm-none-eabi-10-2020-q4-major/bin/../lib/gcc/arm-none-eabi/10.2.1/../../../../arm-none-eabi/lib/thumb/v6-m/nofp/libc_nano.a(lib_a-memset.o)
 .ARM.attributes
                0x0000000000000408       0x2c /Users/tom/Documents/Move_the_Needle/Servo_Motor/servomotor_firmware_git/toolchain_stm32_macos/gcc-arm-none-eabi-10-2020-q4-major/bin/../lib/gcc/arm-none-eabi/10.2.1/../../../../arm-none-eabi/lib/thumb/v6-m/nofp/libc_nano.a(lib_a-sprintf.o)
 .ARM.attributes
                0x0000000000000434       0x1c /Users/tom/Documents/Move_the_Needle/Servo_Motor/servomotor_firmware_git/toolchain_stm32_macos/gcc-arm-none-eabi-10-2020-q4-major/bin/../lib/gcc/arm-none-eabi/10.2.1/../../../../arm-none-eabi/lib/thumb/v6-m/nofp/libc_nano.a(lib_a-strlen.o)
 .ARM.attributes
                0x0000000000000450       0x2c /Users/tom/Documents/Move_the_Needle/Servo_Motor/servomotor_firmware_git/toolchain_stm32_macos/gcc-arm-none-eabi-10-2020-q4-major/bin/../lib/gcc/arm-none-eabi/10.2.1/../../../../arm-none-eabi/lib/thumb/v6-m/nofp/libc_nano.a(lib_a-nano-svfprintf.o)
 .ARM.attributes
                0x000000000000047c       0x2c /Users/tom/Documents/Move_the_Needle/Servo_Motor/servomotor_firmware_git/toolchain_stm32_macos/gcc-arm-none-eabi-10-2020-q4-major/bin/../lib/gcc/arm-none-eabi/10.2.1/../../../../arm-none-eabi/lib/thumb/v6-m/nofp/libc_nano.a(lib_a-nano-vfprintf_i.o)
 .ARM.attributes
                0x00000000000004a8       0x2c /Users/tom/Documents/Move_the_Needle/Servo_Motor/servomotor_firmware_git/toolchain_stm32_macos/gcc-arm-none-eabi-10-2020-q4-major/bin/../lib/gcc/arm-none-eabi/10.2.1/../../../../arm-none-eabi/lib/thumb/v6-m/nofp/libc_nano.a(lib_a-memchr-stub.o)
 .ARM.attributes
                0x00000000000004d4       0x2c /Users/tom/Documents/Move_the_Needle/Servo_Motor/servomotor_firmware_git/toolchain_stm32_macos/gcc-arm-none-eabi-10-2020-q4-major/bin/../lib/gcc/arm-none-eabi/10.2.1/../../../../arm-none-eabi/lib/thumb/v6-m/nofp/libc_nano.a(lib_a-memmove.o)
 .ARM.attributes
                0x0000000000000500       0x2c /Users/tom/Documents/Move_the_Needle/Servo_Motor/servomotor_firmware_git/toolchain_stm32_macos/gcc-arm-none-eabi-10-2020-q4-major/bin/../lib/gcc/arm-none-eabi/10.2.1/../../../../arm-none-eabi/lib/thumb/v6-m/nofp/libc_nano.a(lib_a-nano-freer.o)
 .ARM.attributes
                0x000000000000052c       0x2c /Users/tom/Documents/Move_the_Needle/Servo_Motor/servomotor_firmware_git/toolchain_stm32_macos/gcc-arm-none-eabi-10-2020-q4-major/bin/../lib/gcc/arm-none-eabi/10.2.1/../../../../arm-none-eabi/lib/thumb/v6-m/nofp/libc_nano.a(lib_a-nano-mallocr.o)
 .ARM.attributes
                0x0000000000000558       0x2c /Users/tom/Documents/Move_the_Needle/Servo_Motor/servomotor_firmware_git/toolchain_stm32_macos/gcc-arm-none-eabi-10-2020-q4-major/bin/../lib/gcc/arm-none-eabi/10.2.1/../../../../arm-none-eabi/lib/thumb/v6-m/nofp/libc_nano.a(lib_a-nano-reallocr.o)
 .ARM.attributes
                0x0000000000000584       0x2c /Users/tom/Documents/Move_the_Needle/Servo_Motor/servomotor_firmware_git/toolchain_stm32_macos/gcc-arm-none-eabi-10-2020-q4-major/bin/../lib/gcc/arm-none-eabi/10.2.1/../../../../arm-none-eabi/lib/thumb/v6-m/nofp/libc_nano.a(lib_a-sbrkr.o)
 .ARM.attributes
                0x00000000000005b0       0x2c /Users/tom/Documents/Move_the_Needle/Servo_Motor/servomotor_firmware_git/toolchain_stm32_macos/gcc-arm-none-eabi-10-2020-q4-major/bin/../lib/gcc/arm-none-eabi/10.2.1/../../../../arm-none-eabi/lib/thumb/v6-m/nofp/libc_nano.a(lib_a-mlock.o)
 .ARM.attributes
                0x00000000000005dc       0x2c /Users/tom/Documents/Move_the_Needle/Servo_Motor/servomotor_firmware_git/toolchain_stm32_macos/gcc-arm-none-eabi-10-2020-q4-major/bin/../lib/gcc/arm-none-eabi/10.2.1/../../../../arm-none-eabi/lib/thumb/v6-m/nofp/libc_nano.a(lib_a-nano-msizer.o)
 .ARM.attributes
                0x0000000000000608       0x2c /Users/tom/Documents/Move_the_Needle/Servo_Motor/servomotor_firmware_git/toolchain_stm32_macos/gcc-arm-none-eabi-10-2020-q4-major/bin/../lib/gcc/arm-none-eabi/10.2.1/../../../../arm-none-eabi/lib/thumb/v6-m/nofp/libc_nano.a(lib_a-reent.o)
 .ARM.attributes
                0x0000000000000634       0x2c /Users/tom/Documents/Move_the_Needle/Servo_Motor/servomotor_firmware_git/toolchain_stm32_macos/gcc-arm-none-eabi-10-2020-q4-major/bin/../lib/gcc/arm-none-eabi/10.2.1/../../../../arm-none-eabi/lib/thumb/v6-m/nofp/libc_nano.a(lib_a-lock.o)
 .ARM.attributes
                0x0000000000000660       0x1e /Users/tom/Documents/Move_the_Needle/Servo_Motor/servomotor_firmware_git/toolchain_stm32_macos/gcc-arm-none-eabi-10-2020-q4-major/bin/../lib/gcc/arm-none-eabi/10.2.1/thumb/v6-m/nofp/libgcc.a(_thumb1_case_shi.o)
 .ARM.attributes
                0x000000000000067e       0x1e /Users/tom/Documents/Move_the_Needle/Servo_Motor/servomotor_firmware_git/toolchain_stm32_macos/gcc-arm-none-eabi-10-2020-q4-major/bin/../lib/gcc/arm-none-eabi/10.2.1/thumb/v6-m/nofp/libgcc.a(_udivsi3.o)
 .ARM.attributes
                0x000000000000069c       0x1e /Users/tom/Documents/Move_the_Needle/Servo_Motor/servomotor_firmware_git/toolchain_stm32_macos/gcc-arm-none-eabi-10-2020-q4-major/bin/../lib/gcc/arm-none-eabi/10.2.1/thumb/v6-m/nofp/libgcc.a(_divsi3.o)
 .ARM.attributes
                0x00000000000006ba       0x1e /Users/tom/Documents/Move_the_Needle/Servo_Motor/servomotor_firmware_git/toolchain_stm32_macos/gcc-arm-none-eabi-10-2020-q4-major/bin/../lib/gcc/arm-none-eabi/10.2.1/thumb/v6-m/nofp/libgcc.a(_dvmd_tls.o)
 .ARM.attributes
                0x00000000000006d8       0x1e /Users/tom/Documents/Move_the_Needle/Servo_Motor/servomotor_firmware_git/toolchain_stm32_macos/gcc-arm-none-eabi-10-2020-q4-major/bin/../lib/gcc/arm-none-eabi/10.2.1/thumb/v6-m/nofp/crtn.o
OUTPUT(firmware_STM32G030_V12.elf elf32-littlearm)
LOAD linker stubs
LOAD /Users/tom/Documents/Move_the_Needle/Servo_Motor/servomotor_firmware_git/toolchain_stm32_macos/gcc-arm-none-eabi-10-2020-q4-major/bin/../lib/gcc/arm-none-eabi/10.2.1/../../../../arm-none-eabi/lib/thumb/v6-m/nofp/libc.a
LOAD /Users/tom/Documents/Move_the_Needle/Servo_Motor/servomotor_firmware_git/toolchain_stm32_macos/gcc-arm-none-eabi-10-2020-q4-major/bin/../lib/gcc/arm-none-eabi/10.2.1/../../../../arm-none-eabi/lib/thumb/v6-m/nofp/libm.a
LOAD /Users/tom/Documents/Move_the_Needle/Servo_Motor/servomotor_firmware_git/toolchain_stm32_macos/gcc-arm-none-eabi-10-2020-q4-major/bin/../lib/gcc/arm-none-eabi/10.2.1/thumb/v6-m/nofp/libgcc.a

.comment        0x0000000000000000       0x4d
 .comment       0x0000000000000000       0x4d ./Core/Src/ADC.o
                                         0x4e (size before relaxing)
 .comment       0x000000000000004d       0x4e ./Core/Src/PWM.o
 .comment       0x000000000000004d       0x4e ./Core/Src/RS485.o
 .comment       0x000000000000004d       0x4e ./Core/Src/clock_calibration.o
 .comment       0x000000000000004d       0x4e ./Core/Src/debug_uart.o
 .comment       0x000000000000004d       0x4e ./Core/Src/error_handling.o
 .comment       0x000000000000004d       0x4e ./Core/Src/hall_sensor_calculations.o
 .comment       0x000000000000004d       0x4e ./Core/Src/leds.o
 .comment       0x000000000000004d       0x4e ./Core/Src/main.o
 .comment       0x000000000000004d       0x4e ./Core/Src/microsecond_clock.o
 .comment       0x000000000000004d       0x4e ./Core/Src/mosfets.o
 .comment       0x000000000000004d       0x4e ./Core/Src/motor_control.o
 .comment       0x000000000000004d       0x4e ./Core/Src/step_direction_input.o
 .comment       0x000000000000004d       0x4e ./Core/Src/sysmem.o
 .comment       0x000000000000004d       0x4e ./Core/Src/system_stm32g0xx.o
 .comment       0x000000000000004d       0x4e ./Core/Src/unique_id.o

.debug_frame    0x0000000000000000      0x43c
 .debug_frame   0x0000000000000000       0x20 /Users/tom/Documents/Move_the_Needle/Servo_Motor/servomotor_firmware_git/toolchain_stm32_macos/gcc-arm-none-eabi-10-2020-q4-major/bin/../lib/gcc/arm-none-eabi/10.2.1/../../../../arm-none-eabi/lib/thumb/v6-m/nofp/libc_nano.a(lib_a-errno.o)
 .debug_frame   0x0000000000000020       0x2c /Users/tom/Documents/Move_the_Needle/Servo_Motor/servomotor_firmware_git/toolchain_stm32_macos/gcc-arm-none-eabi-10-2020-q4-major/bin/../lib/gcc/arm-none-eabi/10.2.1/../../../../arm-none-eabi/lib/thumb/v6-m/nofp/libc_nano.a(lib_a-init.o)
 .debug_frame   0x000000000000004c       0x28 /Users/tom/Documents/Move_the_Needle/Servo_Motor/servomotor_firmware_git/toolchain_stm32_macos/gcc-arm-none-eabi-10-2020-q4-major/bin/../lib/gcc/arm-none-eabi/10.2.1/../../../../arm-none-eabi/lib/thumb/v6-m/nofp/libc_nano.a(lib_a-memcpy-stub.o)
 .debug_frame   0x0000000000000074       0x20 /Users/tom/Documents/Move_the_Needle/Servo_Motor/servomotor_firmware_git/toolchain_stm32_macos/gcc-arm-none-eabi-10-2020-q4-major/bin/../lib/gcc/arm-none-eabi/10.2.1/../../../../arm-none-eabi/lib/thumb/v6-m/nofp/libc_nano.a(lib_a-memset.o)
 .debug_frame   0x0000000000000094       0x48 /Users/tom/Documents/Move_the_Needle/Servo_Motor/servomotor_firmware_git/toolchain_stm32_macos/gcc-arm-none-eabi-10-2020-q4-major/bin/../lib/gcc/arm-none-eabi/10.2.1/../../../../arm-none-eabi/lib/thumb/v6-m/nofp/libc_nano.a(lib_a-sprintf.o)
 .debug_frame   0x00000000000000dc       0x74 /Users/tom/Documents/Move_the_Needle/Servo_Motor/servomotor_firmware_git/toolchain_stm32_macos/gcc-arm-none-eabi-10-2020-q4-major/bin/../lib/gcc/arm-none-eabi/10.2.1/../../../../arm-none-eabi/lib/thumb/v6-m/nofp/libc_nano.a(lib_a-nano-svfprintf.o)
 .debug_frame   0x0000000000000150       0x54 /Users/tom/Documents/Move_the_Needle/Servo_Motor/servomotor_firmware_git/toolchain_stm32_macos/gcc-arm-none-eabi-10-2020-q4-major/bin/../lib/gcc/arm-none-eabi/10.2.1/../../../../arm-none-eabi/lib/thumb/v6-m/nofp/libc_nano.a(lib_a-nano-vfprintf_i.o)
 .debug_frame   0x00000000000001a4       0x20 /Users/tom/Documents/Move_the_Needle/Servo_Motor/servomotor_firmware_git/toolchain_stm32_macos/gcc-arm-none-eabi-10-2020-q4-major/bin/../lib/gcc/arm-none-eabi/10.2.1/../../../../arm-none-eabi/lib/thumb/v6-m/nofp/libc_nano.a(lib_a-memchr-stub.o)
 .debug_frame   0x00000000000001c4       0x28 /Users/tom/Documents/Move_the_Needle/Servo_Motor/servomotor_firmware_git/toolchain_stm32_macos/gcc-arm-none-eabi-10-2020-q4-major/bin/../lib/gcc/arm-none-eabi/10.2.1/../../../../arm-none-eabi/lib/thumb/v6-m/nofp/libc_nano.a(lib_a-memmove.o)
 .debug_frame   0x00000000000001ec       0x2c /Users/tom/Documents/Move_the_Needle/Servo_Motor/servomotor_firmware_git/toolchain_stm32_macos/gcc-arm-none-eabi-10-2020-q4-major/bin/../lib/gcc/arm-none-eabi/10.2.1/../../../../arm-none-eabi/lib/thumb/v6-m/nofp/libc_nano.a(lib_a-nano-freer.o)
 .debug_frame   0x0000000000000218       0x30 /Users/tom/Documents/Move_the_Needle/Servo_Motor/servomotor_firmware_git/toolchain_stm32_macos/gcc-arm-none-eabi-10-2020-q4-major/bin/../lib/gcc/arm-none-eabi/10.2.1/../../../../arm-none-eabi/lib/thumb/v6-m/nofp/libc_nano.a(lib_a-nano-mallocr.o)
 .debug_frame   0x0000000000000248       0x30 /Users/tom/Documents/Move_the_Needle/Servo_Motor/servomotor_firmware_git/toolchain_stm32_macos/gcc-arm-none-eabi-10-2020-q4-major/bin/../lib/gcc/arm-none-eabi/10.2.1/../../../../arm-none-eabi/lib/thumb/v6-m/nofp/libc_nano.a(lib_a-nano-reallocr.o)
 .debug_frame   0x0000000000000278       0x2c /Users/tom/Documents/Move_the_Needle/Servo_Motor/servomotor_firmware_git/toolchain_stm32_macos/gcc-arm-none-eabi-10-2020-q4-major/bin/../lib/gcc/arm-none-eabi/10.2.1/../../../../arm-none-eabi/lib/thumb/v6-m/nofp/libc_nano.a(lib_a-sbrkr.o)
 .debug_frame   0x00000000000002a4       0x40 /Users/tom/Documents/Move_the_Needle/Servo_Motor/servomotor_firmware_git/toolchain_stm32_macos/gcc-arm-none-eabi-10-2020-q4-major/bin/../lib/gcc/arm-none-eabi/10.2.1/../../../../arm-none-eabi/lib/thumb/v6-m/nofp/libc_nano.a(lib_a-mlock.o)
 .debug_frame   0x00000000000002e4       0x20 /Users/tom/Documents/Move_the_Needle/Servo_Motor/servomotor_firmware_git/toolchain_stm32_macos/gcc-arm-none-eabi-10-2020-q4-major/bin/../lib/gcc/arm-none-eabi/10.2.1/../../../../arm-none-eabi/lib/thumb/v6-m/nofp/libc_nano.a(lib_a-nano-msizer.o)
 .debug_frame   0x0000000000000304       0x48 /Users/tom/Documents/Move_the_Needle/Servo_Motor/servomotor_firmware_git/toolchain_stm32_macos/gcc-arm-none-eabi-10-2020-q4-major/bin/../lib/gcc/arm-none-eabi/10.2.1/../../../../arm-none-eabi/lib/thumb/v6-m/nofp/libc_nano.a(lib_a-reent.o)
 .debug_frame   0x000000000000034c       0xb0 /Users/tom/Documents/Move_the_Needle/Servo_Motor/servomotor_firmware_git/toolchain_stm32_macos/gcc-arm-none-eabi-10-2020-q4-major/bin/../lib/gcc/arm-none-eabi/10.2.1/../../../../arm-none-eabi/lib/thumb/v6-m/nofp/libc_nano.a(lib_a-lock.o)
 .debug_frame   0x00000000000003fc       0x20 /Users/tom/Documents/Move_the_Needle/Servo_Motor/servomotor_firmware_git/toolchain_stm32_macos/gcc-arm-none-eabi-10-2020-q4-major/bin/../lib/gcc/arm-none-eabi/10.2.1/thumb/v6-m/nofp/libgcc.a(_udivsi3.o)
 .debug_frame   0x000000000000041c       0x20 /Users/tom/Documents/Move_the_Needle/Servo_Motor/servomotor_firmware_git/toolchain_stm32_macos/gcc-arm-none-eabi-10-2020-q4-major/bin/../lib/gcc/arm-none-eabi/10.2.1/thumb/v6-m/nofp/libgcc.a(_divsi3.o)
