../Core/Src/main.c:68:6:SysTick_Handler	8	static
../Core/Src/main.c:84:6:clock_init	0	static
../Core/Src/main.c:109:6:systick_init	0	static
../Core/Src/main.c:145:6:portA_init	0	static
../Core/Src/main.c:179:6:portB_init	0	static
../Core/Src/main.c:207:6:portC_init	0	static
../Core/Src/main.c:233:6:portD_init	0	static
../Core/Src/main.c:260:6:processCommand	48	static
../Core/Src/main.c:451:6:transmit_unique_id	8	static
../Core/Src/main.c:458:6:process_debug_uart_commands	8	static
../Core/Src/main.c:527:6:button_logic	8	static
../Core/Src/main.c:565:6:print_start_message	208	static
../Core/Src/main.c:574:5:main	40	static
