../Core/Src/motor_control.c:261:9:PI_controller	0	static
../Core/Src/motor_control.c:289:9:PID_controller	12	static
../Core/Src/motor_control.c:335:6:print_position	112	static
../Core/Src/motor_control.c:342:6:print_queue_stats	112	static
../Core/Src/motor_control.c:349:6:print_current_movement	168	static
../Core/Src/motor_control.c:364:6:print_velocity	160	static
../Core/Src/motor_control.c:372:6:print_time_difference	160	static
../Core/Src/motor_control.c:380:6:print_motor_current	112	static
../Core/Src/motor_control.c:389:6:add_to_queue	32	static
../Core/Src/motor_control.c:399:9:take_from_queue	20	static
../Core/Src/motor_control.c:411:6:clear_the_queue	0	static
../Core/Src/motor_control.c:419:6:stop_movement	0	static
../Core/Src/motor_control.c:425:6:start_calibration	224	static
../Core/Src/motor_control.c:448:6:handle_calibration_logic	248	static
../Core/Src/motor_control.c:640:6:start_go_to_closed_loop_mode	16	static
../Core/Src/motor_control.c:656:6:go_to_closed_loop_mode_logic	232	static
../Core/Src/motor_control.c:699:6:start_capture	16	static
../Core/Src/motor_control.c:706:6:capture_logic	56	static
../Core/Src/motor_control.c:841:6:compute_velocity	24	static
../Core/Src/motor_control.c:866:9:handle_queued_movements	72	static
../Core/Src/motor_control.c:903:6:motor_movement_calculations	24	static
../Core/Src/motor_control.c:972:6:motor_phase_calculations	16	static
../Core/Src/motor_control.c:1051:6:increase_motor_pwm_voltage	112	static
../Core/Src/motor_control.c:1059:6:decrease_motor_pwm_voltage	112	static
../Core/Src/motor_control.c:1067:9:get_motor_control_mode	0	static
../Core/Src/motor_control.c:1071:6:set_motor_control_mode	0	static
../Core/Src/motor_control.c:1076:6:move_n_steps_in_m_time	24	static
../Core/Src/motor_control.c:1082:6:zero_position_and_hall_sensor	8	static
../Core/Src/motor_control.c:1093:6:processCommand	40	static
../Core/Src/motor_control.c:1251:6:motor_control	16	static
