../Core/Src/motor_control.c:252:6:clear_the_queue_and_stop_no_disable_interrupt	0	static
../Core/Src/motor_control.c:262:6:start_calibration	240	static
../Core/Src/motor_control.c:291:6:handle_calibration_logic	32	static
../Core/Src/motor_control.c:485:6:start_go_to_closed_loop_mode	40	static
../Core/Src/motor_control.c:502:6:go_to_closed_loop_mode_logic	16	static
../Core/Src/motor_control.c:526:6:start_capture	24	static
../Core/Src/motor_control.c:538:6:capture_logic	48	static
../Core/Src/motor_control.c:676:6:print_position	112	static
../Core/Src/motor_control.c:683:6:print_queue_stats	112	static
../Core/Src/motor_control.c:690:6:print_current_movement	168	static
../Core/Src/motor_control.c:705:6:print_velocity	160	static
../Core/Src/motor_control.c:714:6:print_time_difference	176	static
../Core/Src/motor_control.c:757:6:print_motor_current	112	static
../Core/Src/motor_control.c:767:6:add_to_queue	24	static
../Core/Src/motor_control.c:779:6:move_n_steps_in_m_time	0	static
../Core/Src/motor_control.c:786:9:get_n_items_in_queue	0	static
../Core/Src/motor_control.c:792:6:clear_the_queue_and_stop	12	static
../Core/Src/motor_control.c:800:6:add_trapazoid_move_to_queue	32	static
../Core/Src/motor_control.c:808:6:compute_velocity	24	static
../Core/Src/motor_control.c:833:9:handle_queued_movements	16	static
../Core/Src/motor_control.c:854:9:PID_controller	16	static
../Core/Src/motor_control.c:920:6:motor_movement_calculations	32	static
../Core/Src/motor_control.c:993:6:motor_phase_calculations	24	static
../Core/Src/motor_control.c:1068:6:TIM1_BRK_UP_TRG_COM_IRQHandler	32	static
../Core/Src/motor_control.c:1127:6:increase_motor_pwm_voltage	112	static
../Core/Src/motor_control.c:1137:6:decrease_motor_pwm_voltage	112	static
../Core/Src/motor_control.c:1147:6:set_motor_control_mode	0	static
../Core/Src/motor_control.c:1152:9:get_motor_control_mode	0	static
../Core/Src/motor_control.c:1157:10:get_update_frequency	0	static
../Core/Src/motor_control.c:1162:6:zero_position_and_hall_sensor	40	static
../Core/Src/motor_control.c:1178:6:set_max_velocity	0	static
../Core/Src/motor_control.c:1183:9:get_max_velocity	0	static
../Core/Src/motor_control.c:1188:9:get_desired_position	0	static
../Core/Src/motor_control.c:1193:6:set_max_acceleration	0	static
../Core/Src/motor_control.c:1200:6:reset_time	16	static
../Core/Src/motor_control.c:1209:6:emergency_stop	16	static
../Core/Src/motor_control.c:1218:9:get_actual_motor_position	0	static
../Core/Src/motor_control.c:1233:6:get_motor_status	16	static
