Src/motor_control.c:1051:6:add_to_queue.part.0	88	static
Src/motor_control.c:267:6:motor_struct_init	40	static
Src/motor_control.c:305:6:clear_the_queue_and_stop_no_disable_interrupt	0	static
Src/motor_control.c:325:6:compute_trapezoid_move	80	static
Src/motor_control.c:370:6:start_calibration	48	static
Src/motor_control.c:428:6:handle_calibration_logic	48	static
Src/motor_control.c:523:9:is_calibration_data_available	0	static
Src/motor_control.c:528:6:process_calibration_data	232	static
Src/motor_control.c:635:6:start_go_to_closed_loop_mode	24	static
Src/motor_control.c:661:6:go_to_closed_loop_mode_logic	32	static
Src/motor_control.c:761:6:start_capture	24	static
Src/motor_control.c:773:6:capture_logic	40	static
Src/motor_control.c:818:6:start_homing	48	static
Src/motor_control.c:836:6:handle_homing_logic	20	static
Src/motor_control.c:865:6:start_fast_capture_data	8	static
Src/motor_control.c:873:6:fast_capture_until_trigger	8	static
Src/motor_control.c:880:6:print_hall_position	40	static
Src/motor_control.c:891:6:print_position	112	static
Src/motor_control.c:898:6:print_queue_stats	112	static
Src/motor_control.c:905:6:print_current_movement	168	static
Src/motor_control.c:918:6:print_velocity	160	static
Src/motor_control.c:927:6:print_time_difference	168	static
Src/motor_control.c:969:6:print_hall_position_delta_stats	192	static
Src/motor_control.c:983:6:print_max_motor_current_settings	160	static
Src/motor_control.c:990:6:print_motor_current	160	static
Src/motor_control.c:999:6:print_hall_sensor_data	128	static
Src/motor_control.c:1015:6:print_motor_status	120	static
Src/motor_control.c:1025:9:is_fast_capture_data_result_ready	0	static
Src/motor_control.c:1031:6:print_fast_capture_data_result	144	static
Src/motor_control.c:1051:6:add_to_queue	24	static
Src/motor_control.c:1129:6:add_to_queue_test	216	static
Src/motor_control.c:1205:6:move_n_steps_in_m_time	0	static
Src/motor_control.c:1212:9:get_n_items_in_queue	0	static
Src/motor_control.c:1218:6:clear_the_queue_and_stop	0	static
Src/motor_control.c:1226:6:add_trapezoid_move_to_queue	48	static
Src/motor_control.c:1242:6:compute_velocity	0	static
Src/motor_control.c:1250:9:handle_queued_movements	48	static
Src/motor_control.c:1331:9:PID_controller	8	static
Src/motor_control.c:1391:9:PID_controller_with_hysteresis	12	static
Src/motor_control.c:1478:6:motor_movement_calculations	48	static
Src/motor_control.c:1545:6:motor_phase_calculations	16	static
Src/motor_control.c:1628:6:TIM1_BRK_UP_TRG_COM_IRQHandler	40	static
Src/motor_control.c:1747:6:increase_motor_pwm_voltage	112	static
Src/motor_control.c:1757:6:decrease_motor_pwm_voltage	112	static
Src/motor_control.c:1767:6:set_motor_control_mode	0	static
Src/motor_control.c:1772:9:get_motor_control_mode	0	static
Src/motor_control.c:1777:10:get_update_frequency	0	static
Src/motor_control.c:1782:6:zero_position_and_hall_sensor	24	static
Src/motor_control.c:1795:6:set_max_velocity	0	static
Src/motor_control.c:1806:9:get_max_velocity	0	static
Src/motor_control.c:1811:6:set_max_acceleration	0	static
Src/motor_control.c:1822:9:get_max_acceleration	0	static
Src/motor_control.c:1827:9:get_current_position	0	static
Src/motor_control.c:1832:6:reset_time	16	static
Src/motor_control.c:1840:6:emergency_stop	16	static
Src/motor_control.c:1849:9:get_actual_motor_position	0	static
Src/motor_control.c:1864:9:get_motor_status_flags	16	static
Src/motor_control.c:1886:6:set_motor_current_baseline	16	static
Src/motor_control.c:1912:6:set_max_motor_current	48	static
Src/motor_control.c:1927:6:set_movement_limits	0	static
